Archive member included to satisfy reference by file (symbol)

/home/phckopper/st/stm32cubeide_1.2.0/plugins/com.st.stm32cube.ide.mcu.externaltools.gnu-tools-for-stm32.7-2018-q2-update.linux64_1.0.0.201904181610/tools/bin/../lib/gcc/arm-none-eabi/7.3.1/../../../../arm-none-eabi/lib/thumb/v7e-m/fpv4-sp/hard/libc_nano.a(lib_a-errno.o)
                              Core/Src/syscalls.o (__errno)
/home/phckopper/st/stm32cubeide_1.2.0/plugins/com.st.stm32cube.ide.mcu.externaltools.gnu-tools-for-stm32.7-2018-q2-update.linux64_1.0.0.201904181610/tools/bin/../lib/gcc/arm-none-eabi/7.3.1/../../../../arm-none-eabi/lib/thumb/v7e-m/fpv4-sp/hard/libc_nano.a(lib_a-exit.o)
                              /home/phckopper/st/stm32cubeide_1.2.0/plugins/com.st.stm32cube.ide.mcu.externaltools.gnu-tools-for-stm32.7-2018-q2-update.linux64_1.0.0.201904181610/tools/bin/../lib/gcc/arm-none-eabi/7.3.1/../../../../arm-none-eabi/lib/thumb/v7e-m/fpv4-sp/hard/crt0.o (exit)
/home/phckopper/st/stm32cubeide_1.2.0/plugins/com.st.stm32cube.ide.mcu.externaltools.gnu-tools-for-stm32.7-2018-q2-update.linux64_1.0.0.201904181610/tools/bin/../lib/gcc/arm-none-eabi/7.3.1/../../../../arm-none-eabi/lib/thumb/v7e-m/fpv4-sp/hard/libc_nano.a(lib_a-impure.o)
                              /home/phckopper/st/stm32cubeide_1.2.0/plugins/com.st.stm32cube.ide.mcu.externaltools.gnu-tools-for-stm32.7-2018-q2-update.linux64_1.0.0.201904181610/tools/bin/../lib/gcc/arm-none-eabi/7.3.1/../../../../arm-none-eabi/lib/thumb/v7e-m/fpv4-sp/hard/libc_nano.a(lib_a-exit.o) (_global_impure_ptr)
/home/phckopper/st/stm32cubeide_1.2.0/plugins/com.st.stm32cube.ide.mcu.externaltools.gnu-tools-for-stm32.7-2018-q2-update.linux64_1.0.0.201904181610/tools/bin/../lib/gcc/arm-none-eabi/7.3.1/../../../../arm-none-eabi/lib/thumb/v7e-m/fpv4-sp/hard/libc_nano.a(lib_a-init.o)
                              /home/phckopper/st/stm32cubeide_1.2.0/plugins/com.st.stm32cube.ide.mcu.externaltools.gnu-tools-for-stm32.7-2018-q2-update.linux64_1.0.0.201904181610/tools/bin/../lib/gcc/arm-none-eabi/7.3.1/../../../../arm-none-eabi/lib/thumb/v7e-m/fpv4-sp/hard/crt0.o (__libc_init_array)
/home/phckopper/st/stm32cubeide_1.2.0/plugins/com.st.stm32cube.ide.mcu.externaltools.gnu-tools-for-stm32.7-2018-q2-update.linux64_1.0.0.201904181610/tools/bin/../lib/gcc/arm-none-eabi/7.3.1/../../../../arm-none-eabi/lib/thumb/v7e-m/fpv4-sp/hard/libc_nano.a(lib_a-memset.o)
                              /home/phckopper/st/stm32cubeide_1.2.0/plugins/com.st.stm32cube.ide.mcu.externaltools.gnu-tools-for-stm32.7-2018-q2-update.linux64_1.0.0.201904181610/tools/bin/../lib/gcc/arm-none-eabi/7.3.1/../../../../arm-none-eabi/lib/thumb/v7e-m/fpv4-sp/hard/crt0.o (memset)
/home/phckopper/st/stm32cubeide_1.2.0/plugins/com.st.stm32cube.ide.mcu.externaltools.gnu-tools-for-stm32.7-2018-q2-update.linux64_1.0.0.201904181610/tools/bin/../lib/gcc/arm-none-eabi/7.3.1/../../../../arm-none-eabi/lib/thumb/v7e-m/fpv4-sp/hard/libc_nano.a(lib_a-sprintf.o)
                              Core/Src/main.o (sprintf)
/home/phckopper/st/stm32cubeide_1.2.0/plugins/com.st.stm32cube.ide.mcu.externaltools.gnu-tools-for-stm32.7-2018-q2-update.linux64_1.0.0.201904181610/tools/bin/../lib/gcc/arm-none-eabi/7.3.1/../../../../arm-none-eabi/lib/thumb/v7e-m/fpv4-sp/hard/libc_nano.a(lib_a-strlen.o)
                              Core/Src/main.o (strlen)
/home/phckopper/st/stm32cubeide_1.2.0/plugins/com.st.stm32cube.ide.mcu.externaltools.gnu-tools-for-stm32.7-2018-q2-update.linux64_1.0.0.201904181610/tools/bin/../lib/gcc/arm-none-eabi/7.3.1/../../../../arm-none-eabi/lib/thumb/v7e-m/fpv4-sp/hard/libc_nano.a(lib_a-nano-svfprintf.o)
                              /home/phckopper/st/stm32cubeide_1.2.0/plugins/com.st.stm32cube.ide.mcu.externaltools.gnu-tools-for-stm32.7-2018-q2-update.linux64_1.0.0.201904181610/tools/bin/../lib/gcc/arm-none-eabi/7.3.1/../../../../arm-none-eabi/lib/thumb/v7e-m/fpv4-sp/hard/libc_nano.a(lib_a-sprintf.o) (_svfprintf_r)
/home/phckopper/st/stm32cubeide_1.2.0/plugins/com.st.stm32cube.ide.mcu.externaltools.gnu-tools-for-stm32.7-2018-q2-update.linux64_1.0.0.201904181610/tools/bin/../lib/gcc/arm-none-eabi/7.3.1/../../../../arm-none-eabi/lib/thumb/v7e-m/fpv4-sp/hard/libc_nano.a(lib_a-nano-vfprintf_i.o)
                              /home/phckopper/st/stm32cubeide_1.2.0/plugins/com.st.stm32cube.ide.mcu.externaltools.gnu-tools-for-stm32.7-2018-q2-update.linux64_1.0.0.201904181610/tools/bin/../lib/gcc/arm-none-eabi/7.3.1/../../../../arm-none-eabi/lib/thumb/v7e-m/fpv4-sp/hard/libc_nano.a(lib_a-nano-svfprintf.o) (_printf_i)
/home/phckopper/st/stm32cubeide_1.2.0/plugins/com.st.stm32cube.ide.mcu.externaltools.gnu-tools-for-stm32.7-2018-q2-update.linux64_1.0.0.201904181610/tools/bin/../lib/gcc/arm-none-eabi/7.3.1/../../../../arm-none-eabi/lib/thumb/v7e-m/fpv4-sp/hard/libc_nano.a(lib_a-memchr.o)
[...]
Memory Configuration

Name             Origin             Length             Attributes
CCMRAM           0x0000000010000000 0x0000000000002000 xrw
RAM              0x0000000020000000 0x000000000000a000 xrw
FLASH            0x0000000008000000 0x0000000000040000 xr
*default*        0x0000000000000000 0xffffffffffffffff

Linker script and memory map

LOAD /home/phckopper/st/stm32cubeide_1.2.0/plugins/com.st.stm32cube.ide.mcu.externaltools.gnu-tools-for-stm32.7-2018-q2-update.linux64_1.0.0.201904181610/tools/bin/../lib/gcc/arm-none-eabi/7.3.1/thumb/v7e-m/fpv4-sp/hard/crti.o
LOAD /home/phckopper/st/stm32cubeide_1.2.0/plugins/com.st.stm32cube.ide.mcu.externaltools.gnu-tools-for-stm32.7-2018-q2-update.linux64_1.0.0.201904181610/tools/bin/../lib/gcc/arm-none-eabi/7.3.1/thumb/v7e-m/fpv4-sp/hard/crtbegin.o
LOAD /home/phckopper/st/stm32cubeide_1.2.0/plugins/com.st.stm32cube.ide.mcu.externaltools.gnu-tools-for-stm32.7-2018-q2-update.linux64_1.0.0.201904181610/tools/bin/../lib/gcc/arm-none-eabi/7.3.1/../../../../arm-none-eabi/lib/thumb/v7e-m/fpv4-sp/hard/crt0.o
LOAD Core/Src/adc.o
LOAD Core/Src/can.o
LOAD Core/Src/gpio.o
LOAD Core/Src/main.o
LOAD Core/Src/spi.o
LOAD Core/Src/stm32f3xx_hal_msp.o
LOAD Core/Src/stm32f3xx_it.o
LOAD Core/Src/syscalls.o
LOAD Core/Src/sysmem.o
LOAD Core/Src/system_stm32f3xx.o
LOAD Core/Src/tim.o
LOAD Core/Src/usart.o
LOAD Core/Src/usb.o
LOAD Core/Startup/startup_stm32f303rctx.o
LOAD Drivers/STM32F3xx_HAL_Driver/Src/stm32f3xx_hal.o
LOAD Drivers/STM32F3xx_HAL_Driver/Src/stm32f3xx_hal_adc.o
LOAD Drivers/STM32F3xx_HAL_Driver/Src/stm32f3xx_hal_adc_ex.o
LOAD Drivers/STM32F3xx_HAL_Driver/Src/stm32f3xx_hal_can.o
LOAD Drivers/STM32F3xx_HAL_Driver/Src/stm32f3xx_hal_cortex.o
LOAD Drivers/STM32F3xx_HAL_Driver/Src/stm32f3xx_hal_dma.o
LOAD Drivers/STM32F3xx_HAL_Driver/Src/stm32f3xx_hal_exti.o
LOAD Drivers/STM32F3xx_HAL_Driver/Src/stm32f3xx_hal_flash.o
LOAD Drivers/STM32F3xx_HAL_Driver/Src/stm32f3xx_hal_flash_ex.o
LOAD Drivers/STM32F3xx_HAL_Driver/Src/stm32f3xx_hal_gpio.o
LOAD Drivers/STM32F3xx_HAL_Driver/Src/stm32f3xx_hal_i2c.o
LOAD Drivers/STM32F3xx_HAL_Driver/Src/stm32f3xx_hal_i2c_ex.o
LOAD Drivers/STM32F3xx_HAL_Driver/Src/stm32f3xx_hal_pcd.o
LOAD Drivers/STM32F3xx_HAL_Driver/Src/stm32f3xx_hal_pcd_ex.o
LOAD Drivers/STM32F3xx_HAL_Driver/Src/stm32f3xx_hal_pwr.o
LOAD Drivers/STM32F3xx_HAL_Driver/Src/stm32f3xx_hal_pwr_ex.o
LOAD Drivers/STM32F3xx_HAL_Driver/Src/stm32f3xx_hal_rcc.o
LOAD Drivers/STM32F3xx_HAL_Driver/Src/stm32f3xx_hal_rcc_ex.o
LOAD Drivers/STM32F3xx_HAL_Driver/Src/stm32f3xx_hal_spi.o
LOAD Drivers/STM32F3xx_HAL_Driver/Src/stm32f3xx_hal_spi_ex.o
LOAD Drivers/STM32F3xx_HAL_Driver/Src/stm32f3xx_hal_tim.o
LOAD Drivers/STM32F3xx_HAL_Driver/Src/stm32f3xx_hal_tim_ex.o
LOAD Drivers/STM32F3xx_HAL_Driver/Src/stm32f3xx_hal_uart.o
LOAD Drivers/STM32F3xx_HAL_Driver/Src/stm32f3xx_hal_uart_ex.o
LOAD Drivers/STM32F3xx_HAL_Driver/Src/stm32f3xx_ll_usb.o
START GROUP
LOAD /home/phckopper/st/stm32cubeide_1.2.0/plugins/com.st.stm32cube.ide.mcu.externaltools.gnu-tools-for-stm32.7-2018-q2-update.linux64_1.0.0.201904181610/tools/bin/../lib/gcc/arm-none-eabi/7.3.1/../../../../arm-none-eabi/lib/thumb/v7e-m/fpv4-sp/hard/libc_nano.a
LOAD /home/phckopper/st/stm32cubeide_1.2.0/plugins/com.st.stm32cube.ide.mcu.externaltools.gnu-tools-for-stm32.7-2018-q2-update.linux64_1.0.0.201904181610/tools/bin/../lib/gcc/arm-none-eabi/7.3.1/../../../../arm-none-eabi/lib/thumb/v7e-m/fpv4-sp/hard/libm.a
END GROUP
START GROUP
LOAD /home/phckopper/st/stm32cubeide_1.2.0/plugins/com.st.stm32cube.ide.mcu.externaltools.gnu-tools-for-stm32.7-2018-q2-update.linux64_1.0.0.201904181610/tools/bin/../lib/gcc/arm-none-eabi/7.3.1/thumb/v7e-m/fpv4-sp/hard/libgcc.a
LOAD /home/phckopper/st/stm32cubeide_1.2.0/plugins/com.st.stm32cube.ide.mcu.externaltools.gnu-tools-for-stm32.7-2018-q2-update.linux64_1.0.0.201904181610/tools/bin/../lib/gcc/arm-none-eabi/7.3.1/../../../../arm-none-eabi/lib/thumb/v7e-m/fpv4-sp/hard/libc_nano.a
END GROUP
START GROUP
LOAD /home/phckopper/st/stm32cubeide_1.2.0/plugins/com.st.stm32cube.ide.mcu.externaltools.gnu-tools-for-stm32.7-2018-q2-update.linux64_1.0.0.201904181610/tools/bin/../lib/gcc/arm-none-eabi/7.3.1/thumb/v7e-m/fpv4-sp/hard/libgcc.a
LOAD /home/phckopper/st/stm32cubeide_1.2.0/plugins/com.st.stm32cube.ide.mcu.externaltools.gnu-tools-for-stm32.7-2018-q2-update.linux64_1.0.0.201904181610/tools/bin/../lib/gcc/arm-none-eabi/7.3.1/../../../../arm-none-eabi/lib/thumb/v7e-m/fpv4-sp/hard/libc_nano.a
LOAD /home/phckopper/st/stm32cubeide_1.2.0/plugins/com.st.stm32cube.ide.mcu.externaltools.gnu-tools-for-stm32.7-2018-q2-update.linux64_1.0.0.201904181610/tools/bin/../lib/gcc/arm-none-eabi/7.3.1/../../../../arm-none-eabi/lib/thumb/v7e-m/fpv4-sp/hard/libnosys.a
END GROUP
START GROUP
LOAD /home/phckopper/st/stm32cubeide_1.2.0/plugins/com.st.stm32cube.ide.mcu.externaltools.gnu-tools-for-stm32.7-2018-q2-update.linux64_1.0.0.201904181610/tools/bin/../lib/gcc/arm-none-eabi/7.3.1/thumb/v7e-m/fpv4-sp/hard/libgcc.a
LOAD /home/phckopper/st/stm32cubeide_1.2.0/plugins/com.st.stm32cube.ide.mcu.externaltools.gnu-tools-for-stm32.7-2018-q2-update.linux64_1.0.0.201904181610/tools/bin/../lib/gcc/arm-none-eabi/7.3.1/../../../../arm-none-eabi/lib/thumb/v7e-m/fpv4-sp/hard/libc_nano.a
LOAD /home/phckopper/st/stm32cubeide_1.2.0/plugins/com.st.stm32cube.ide.mcu.externaltools.gnu-tools-for-stm32.7-2018-q2-update.linux64_1.0.0.201904181610/tools/bin/../lib/gcc/arm-none-eabi/7.3.1/../../../../arm-none-eabi/lib/thumb/v7e-m/fpv4-sp/hard/libnosys.a
END GROUP
LOAD /home/phckopper/st/stm32cubeide_1.2.0/plugins/com.st.stm32cube.ide.mcu.externaltools.gnu-tools-for-stm32.7-2018-q2-update.linux64_1.0.0.201904181610/tools/bin/../lib/gcc/arm-none-eabi/7.3.1/thumb/v7e-m/fpv4-sp/hard/crtend.o
LOAD /home/phckopper/st/stm32cubeide_1.2.0/plugins/com.st.stm32cube.ide.mcu.externaltools.gnu-tools-for-stm32.7-2018-q2-update.linux64_1.0.0.201904181610/tools/bin/../lib/gcc/arm-none-eabi/7.3.1/thumb/v7e-m/fpv4-sp/hard/crtn.o
                0x000000002000a000                _estack = (ORIGIN (RAM) + LENGTH (RAM))
                0x0000000000000200                _Min_Heap_Size = 0x200
                0x0000000000000400                _Min_Stack_Size = 0x400

.isr_vector     0x0000000008000000      0x188
                0x0000000008000000                . = ALIGN (0x4)
 *(.isr_vector)
 .isr_vector    0x0000000008000000      0x188 Core/Startup/startup_stm32f303rctx.o
                0x0000000008000000                g_pfnVectors
                0x0000000008000188                . = ALIGN (0x4)

.text           0x0000000008000190     0x648c
                0x0000000008000190                . = ALIGN (0x4)
 *(.text)
 .text          0x0000000008000190       0x40 /home/phckopper/st/stm32cubeide_1.2.0/plugins/com.st.stm32cube.ide.mcu.externaltools.gnu-tools-for-stm32.7-2018-q2-update.linux64_1.0.0.201904181610/tools/bin/../lib/gcc/arm-none-eabi/7.3.1/thumb/v7e-m/fpv4-sp/hard/crtbegin.o
 .text          0x00000000080001d0       0x10 /home/phckopper/st/stm32cubeide_1.2.0/plugins/com.st.stm32cube.ide.mcu.externaltools.gnu-tools-for-stm32.7-2018-q2-update.linux64_1.0.0.201904181610/tools/bin/../lib/gcc/arm-none-eabi/7.3.1/../../../../arm-none-eabi/lib/thumb/v7e-m/fpv4-sp/hard/libc_nano.a(lib_a-strlen.o)
                0x00000000080001d0                strlen
 .text          0x00000000080001e0       0xa0 /home/phckopper/st/stm32cubeide_1.2.0/plugins/com.st.stm32cube.ide.mcu.externaltools.gnu-tools-for-stm32.7-2018-q2-update.linux64_1.0.0.201904181610/tools/bin/../lib/gcc/arm-none-eabi/7.3.1/../../../../arm-none-eabi/lib/thumb/v7e-m/fpv4-sp/hard/libc_nano.a(lib_a-memchr.o)
                0x00000000080001e0                memchr
 *(.text*)
 .text.MX_ADC1_Init
                0x0000000008000280       0xe0 Core/Src/adc.o
                0x0000000008000280                MX_ADC1_Init
 .text.MX_ADC2_Init
                0x0000000008000360       0xbc Core/Src/adc.o
                0x0000000008000360                MX_ADC2_Init
 .text.MX_ADC3_Init
                0x000000000800041c       0xe0 Core/Src/adc.o
                0x000000000800041c                MX_ADC3_Init
 .text.HAL_ADC_MspInit
                0x00000000080004fc      0x1b8 Core/Src/adc.o
                0x00000000080004fc                HAL_ADC_MspInit
 .text.MX_CAN_Init
                0x00000000080006b4       0x68 Core/Src/can.o
                0x00000000080006b4                MX_CAN_Init
 .text.HAL_CAN_MspInit
                0x000000000800071c       0x88 Core/Src/can.o
                0x000000000800071c                HAL_CAN_MspInit
 .text.MX_GPIO_Init
                0x00000000080007a4      0x174 Core/Src/gpio.o
                0x00000000080007a4                MX_GPIO_Init
 .text.main     0x0000000008000918      0x14c Core/Src/main.o
                0x0000000008000918                main
 .text.SystemClock_Config
                0x0000000008000a64       0xd4 Core/Src/main.o
                0x0000000008000a64                SystemClock_Config
 .text.Error_Handler
                0x0000000008000b38        0xe Core/Src/main.o
                0x0000000008000b38                Error_Handler
 *fill*         0x0000000008000b46        0x2 
 .text.MX_SPI1_Init
                0x0000000008000b48       0x7c Core/Src/spi.o
                0x0000000008000b48                MX_SPI1_Init
 .text.HAL_SPI_MspInit
                0x0000000008000bc4       0x84 Core/Src/spi.o
                0x0000000008000bc4                HAL_SPI_MspInit
 .text.HAL_MspInit
                0x0000000008000c48       0x54 Core/Src/stm32f3xx_hal_msp.o
                0x0000000008000c48                HAL_MspInit
 .text.NMI_Handler
                0x0000000008000c9c        0xe Core/Src/stm32f3xx_it.o
                0x0000000008000c9c                NMI_Handler
 .text.HardFault_Handler
                0x0000000008000caa        0x6 Core/Src/stm32f3xx_it.o
                0x0000000008000caa                HardFault_Handler
 .text.MemManage_Handler
                0x0000000008000cb0        0x6 Core/Src/stm32f3xx_it.o
                0x0000000008000cb0                MemManage_Handler
 .text.BusFault_Handler
                0x0000000008000cb6        0x6 Core/Src/stm32f3xx_it.o
                0x0000000008000cb6                BusFault_Handler
 .text.UsageFault_Handler
                0x0000000008000cbc        0x6 Core/Src/stm32f3xx_it.o
                0x0000000008000cbc                UsageFault_Handler
 .text.SVC_Handler
                0x0000000008000cc2        0xe Core/Src/stm32f3xx_it.o
                0x0000000008000cc2                SVC_Handler
 .text.DebugMon_Handler
                0x0000000008000cd0        0xe Core/Src/stm32f3xx_it.o
                0x0000000008000cd0                DebugMon_Handler
 .text.PendSV_Handler
                0x0000000008000cde        0xe Core/Src/stm32f3xx_it.o
                0x0000000008000cde                PendSV_Handler
 .text.SysTick_Handler
                0x0000000008000cec       0x10 Core/Src/stm32f3xx_it.o
                0x0000000008000cec                SysTick_Handler
 .text.RCC_IRQHandler
                0x0000000008000cfc        0xe Core/Src/stm32f3xx_it.o
                0x0000000008000cfc                RCC_IRQHandler
 *fill*         0x0000000008000d0a        0x2 
 .text._sbrk    0x0000000008000d0c       0x58 Core/Src/sysmem.o
                0x0000000008000d0c                _sbrk
 .text.SystemInit
                0x0000000008000d64       0x24 Core/Src/system_stm32f3xx.o
                0x0000000008000d64                SystemInit
 .text.MX_TIM1_Init
                0x0000000008000d88      0x170 Core/Src/tim.o
                0x0000000008000d88                MX_TIM1_Init
 .text.HAL_TIM_Base_MspInit
                0x0000000008000ef8       0x40 Core/Src/tim.o
                0x0000000008000ef8                HAL_TIM_Base_MspInit
 .text.HAL_TIM_MspPostInit
                0x0000000008000f38       0xd0 Core/Src/tim.o
                0x0000000008000f38                HAL_TIM_MspPostInit
 .text.MX_USART1_UART_Init
                0x0000000008001008       0x60 Core/Src/usart.o
                0x0000000008001008                MX_USART1_UART_Init
 .text.HAL_UART_MspInit
                0x0000000008001068       0x88 Core/Src/usart.o
                0x0000000008001068                HAL_UART_MspInit
 .text.MX_USB_PCD_Init
                0x00000000080010f0       0x44 Core/Src/usb.o
                0x00000000080010f0                MX_USB_PCD_Init
 .text.HAL_PCD_MspInit
                0x0000000008001134       0x88 Core/Src/usb.o
                0x0000000008001134                HAL_PCD_MspInit
 .text.Reset_Handler
                0x00000000080011bc       0x50 Core/Startup/startup_stm32f303rctx.o
                0x00000000080011bc                Reset_Handler
 .text.Default_Handler
                0x000000000800120c        0x2 Core/Startup/startup_stm32f303rctx.o
                0x000000000800120c                RTC_Alarm_IRQHandler
                0x000000000800120c                TIM8_TRG_COM_IRQHandler
                0x000000000800120c                TIM8_CC_IRQHandler
                0x000000000800120c                TIM1_CC_IRQHandler
                0x000000000800120c                USB_HP_IRQHandler
                0x000000000800120c                PVD_IRQHandler
                0x000000000800120c                TAMP_STAMP_IRQHandler
                0x000000000800120c                EXTI3_IRQHandler
                0x000000000800120c                USB_HP_CAN_TX_IRQHandler
                0x000000000800120c                EXTI0_IRQHandler
                0x000000000800120c                I2C2_EV_IRQHandler
                0x000000000800120c                FPU_IRQHandler
                0x000000000800120c                TIM1_UP_TIM16_IRQHandler
                0x000000000800120c                ADC1_2_IRQHandler
                0x000000000800120c                SPI1_IRQHandler
                0x000000000800120c                CAN_SCE_IRQHandler
                0x000000000800120c                TIM6_DAC_IRQHandler
                0x000000000800120c                TIM8_UP_IRQHandler
                0x000000000800120c                DMA2_Channel2_IRQHandler
                0x000000000800120c                DMA1_Channel4_IRQHandler
                0x000000000800120c                USART3_IRQHandler
                0x000000000800120c                DMA1_Channel7_IRQHandler
                0x000000000800120c                UART5_IRQHandler
                0x000000000800120c                ADC3_IRQHandler
                0x000000000800120c                TIM4_IRQHandler
                0x000000000800120c                CAN_RX1_IRQHandler
                0x000000000800120c                DMA2_Channel1_IRQHandler
                0x000000000800120c                I2C1_EV_IRQHandler
                0x000000000800120c                DMA1_Channel6_IRQHandler
                0x000000000800120c                UART4_IRQHandler
                0x000000000800120c                DMA2_Channel4_IRQHandler
                0x000000000800120c                TIM3_IRQHandler
                0x000000000800120c                DMA1_Channel1_IRQHandler
                0x000000000800120c                Default_Handler
                0x000000000800120c                USBWakeUp_RMP_IRQHandler
                0x000000000800120c                EXTI15_10_IRQHandler
                0x000000000800120c                TIM7_IRQHandler
                0x000000000800120c                EXTI9_5_IRQHandler
                0x000000000800120c                RTC_WKUP_IRQHandler
                0x000000000800120c                SPI2_IRQHandler
                0x000000000800120c                USB_LP_CAN_RX0_IRQHandler
                0x000000000800120c                DMA2_Channel5_IRQHandler
                0x000000000800120c                DMA1_Channel5_IRQHandler
                0x000000000800120c                USB_LP_IRQHandler
                0x000000000800120c                EXTI4_IRQHandler
                0x000000000800120c                TIM1_TRG_COM_TIM17_IRQHandler
                0x000000000800120c                DMA1_Channel3_IRQHandler
                0x000000000800120c                ADC4_IRQHandler
                0x000000000800120c                WWDG_IRQHandler
                0x000000000800120c                TIM2_IRQHandler
                0x000000000800120c                COMP7_IRQHandler
                0x000000000800120c                COMP1_2_3_IRQHandler
                0x000000000800120c                EXTI1_IRQHandler
                0x000000000800120c                USART2_IRQHandler
                0x000000000800120c                COMP4_5_6_IRQHandler
                0x000000000800120c                I2C2_ER_IRQHandler
                0x000000000800120c                DMA1_Channel2_IRQHandler
                0x000000000800120c                TIM8_BRK_IRQHandler
                0x000000000800120c                FLASH_IRQHandler
                0x000000000800120c                USART1_IRQHandler
                0x000000000800120c                SPI3_IRQHandler
                0x000000000800120c                I2C1_ER_IRQHandler
                0x000000000800120c                USBWakeUp_IRQHandler
                0x000000000800120c                DMA2_Channel3_IRQHandler
                0x000000000800120c                EXTI2_TSC_IRQHandler
                0x000000000800120c                TIM1_BRK_TIM15_IRQHandler
 *fill*         0x000000000800120e        0x2 
 .text.HAL_Init
                0x0000000008001210       0x2c Drivers/STM32F3xx_HAL_Driver/Src/stm32f3xx_hal.o
                0x0000000008001210                HAL_Init
 .text.HAL_InitTick
                0x000000000800123c       0x60 Drivers/STM32F3xx_HAL_Driver/Src/stm32f3xx_hal.o
                0x000000000800123c                HAL_InitTick
 .text.HAL_IncTick
                0x000000000800129c       0x28 Drivers/STM32F3xx_HAL_Driver/Src/stm32f3xx_hal.o
                0x000000000800129c                HAL_IncTick
 .text.HAL_GetTick
                0x00000000080012c4       0x18 Drivers/STM32F3xx_HAL_Driver/Src/stm32f3xx_hal.o
                0x00000000080012c4                HAL_GetTick
 .text.HAL_Delay
                0x00000000080012dc       0x44 Drivers/STM32F3xx_HAL_Driver/Src/stm32f3xx_hal.o
                0x00000000080012dc                HAL_Delay
 .text.HAL_ADC_Init
                0x0000000008001320      0x3c0 Drivers/STM32F3xx_HAL_Driver/Src/stm32f3xx_hal_adc_ex.o
                0x0000000008001320                HAL_ADC_Init
 .text.HAL_ADC_ConfigChannel
                0x00000000080016e0      0x5d8 Drivers/STM32F3xx_HAL_Driver/Src/stm32f3xx_hal_adc_ex.o
                0x00000000080016e0                HAL_ADC_ConfigChannel
 .text.HAL_ADCEx_MultiModeConfigChannel
                0x0000000008001cb8      0x1e4 Drivers/STM32F3xx_HAL_Driver/Src/stm32f3xx_hal_adc_ex.o
                0x0000000008001cb8                HAL_ADCEx_MultiModeConfigChannel
 .text.ADC_Disable
                0x0000000008001e9c       0xbe Drivers/STM32F3xx_HAL_Driver/Src/stm32f3xx_hal_adc_ex.o
 .text.HAL_CAN_Init
                0x0000000008001f5a      0x1f6 Drivers/STM32F3xx_HAL_Driver/Src/stm32f3xx_hal_can.o
                0x0000000008001f5a                HAL_CAN_Init
 .text.__NVIC_SetPriorityGrouping
                0x0000000008002150       0x48 Drivers/STM32F3xx_HAL_Driver/Src/stm32f3xx_hal_cortex.o
 .text.__NVIC_GetPriorityGrouping
                0x0000000008002198       0x1c Drivers/STM32F3xx_HAL_Driver/Src/stm32f3xx_hal_cortex.o
 .text.__NVIC_EnableIRQ
                0x00000000080021b4       0x3c Drivers/STM32F3xx_HAL_Driver/Src/stm32f3xx_hal_cortex.o
 .text.__NVIC_SetPriority
                0x00000000080021f0       0x54 Drivers/STM32F3xx_HAL_Driver/Src/stm32f3xx_hal_cortex.o
 .text.NVIC_EncodePriority
                0x0000000008002244       0x66 Drivers/STM32F3xx_HAL_Driver/Src/stm32f3xx_hal_cortex.o
 *fill*         0x00000000080022aa        0x2 
 .text.SysTick_Config
                0x00000000080022ac       0x44 Drivers/STM32F3xx_HAL_Driver/Src/stm32f3xx_hal_cortex.o
 .text.HAL_NVIC_SetPriorityGrouping
                0x00000000080022f0       0x16 Drivers/STM32F3xx_HAL_Driver/Src/stm32f3xx_hal_cortex.o
                0x00000000080022f0                HAL_NVIC_SetPriorityGrouping
 .text.HAL_NVIC_SetPriority
                0x0000000008002306       0x38 Drivers/STM32F3xx_HAL_Driver/Src/stm32f3xx_hal_cortex.o
                0x0000000008002306                HAL_NVIC_SetPriority
 .text.HAL_NVIC_EnableIRQ
                0x000000000800233e       0x1c Drivers/STM32F3xx_HAL_Driver/Src/stm32f3xx_hal_cortex.o
                0x000000000800233e                HAL_NVIC_EnableIRQ
 .text.HAL_SYSTICK_Config
                0x000000000800235a       0x18 Drivers/STM32F3xx_HAL_Driver/Src/stm32f3xx_hal_cortex.o
                0x000000000800235a                HAL_SYSTICK_Config
 .text.HAL_SYSTICK_IRQHandler
                0x0000000008002372        0xc Drivers/STM32F3xx_HAL_Driver/Src/stm32f3xx_hal_cortex.o
                0x0000000008002372                HAL_SYSTICK_IRQHandler
 .text.HAL_SYSTICK_Callback
                0x000000000800237e        0xe Drivers/STM32F3xx_HAL_Driver/Src/stm32f3xx_hal_cortex.o
                0x000000000800237e                HAL_SYSTICK_Callback
 .text.HAL_GPIO_Init
                0x000000000800238c      0x2f4 Drivers/STM32F3xx_HAL_Driver/Src/stm32f3xx_hal_gpio.o
                0x000000000800238c                HAL_GPIO_Init
 .text.HAL_GPIO_WritePin
                0x0000000008002680       0x30 Drivers/STM32F3xx_HAL_Driver/Src/stm32f3xx_hal_gpio.o
                0x0000000008002680                HAL_GPIO_WritePin
 .text.HAL_GPIO_TogglePin
                0x00000000080026b0       0x34 Drivers/STM32F3xx_HAL_Driver/Src/stm32f3xx_hal_gpio.o
                0x00000000080026b0                HAL_GPIO_TogglePin
 .text.HAL_PCD_Init
                0x00000000080026e4      0x1bc Drivers/STM32F3xx_HAL_Driver/Src/stm32f3xx_hal_pcd.o
                0x00000000080026e4                HAL_PCD_Init
 .text.HAL_RCC_OscConfig
                0x00000000080028a0      0xe10 Drivers/STM32F3xx_HAL_Driver/Src/stm32f3xx_hal_rcc.o
                0x00000000080028a0                HAL_RCC_OscConfig
 .text.HAL_RCC_ClockConfig
                0x00000000080036b0      0x2f8 Drivers/STM32F3xx_HAL_Driver/Src/stm32f3xx_hal_rcc.o
                0x00000000080036b0                HAL_RCC_ClockConfig
 .text.HAL_RCC_MCOConfig
                0x00000000080039a8       0x64 Drivers/STM32F3xx_HAL_Driver/Src/stm32f3xx_hal_rcc.o
                0x00000000080039a8                HAL_RCC_MCOConfig
 .text.HAL_RCC_GetSysClockFreq
                0x0000000008003a0c       0xd8 Drivers/STM32F3xx_HAL_Driver/Src/stm32f3xx_hal_rcc.o
                0x0000000008003a0c                HAL_RCC_GetSysClockFreq
 .text.HAL_RCC_GetHCLKFreq
                0x0000000008003ae4       0x18 Drivers/STM32F3xx_HAL_Driver/Src/stm32f3xx_hal_rcc.o
                0x0000000008003ae4                HAL_RCC_GetHCLKFreq
 .text.HAL_RCC_GetPCLK1Freq
                0x0000000008003afc       0x44 Drivers/STM32F3xx_HAL_Driver/Src/stm32f3xx_hal_rcc.o
                0x0000000008003afc                HAL_RCC_GetPCLK1Freq
 .text.HAL_RCC_GetPCLK2Freq
                0x0000000008003b40       0x44 Drivers/STM32F3xx_HAL_Driver/Src/stm32f3xx_hal_rcc.o
                0x0000000008003b40                HAL_RCC_GetPCLK2Freq
 .text.HAL_RCCEx_PeriphCLKConfig
                0x0000000008003b84      0x360 Drivers/STM32F3xx_HAL_Driver/Src/stm32f3xx_hal_rcc_ex.o
                0x0000000008003b84                HAL_RCCEx_PeriphCLKConfig
 .text.HAL_SPI_Init
                0x0000000008003ee4      0x156 Drivers/STM32F3xx_HAL_Driver/Src/stm32f3xx_hal_spi.o
                0x0000000008003ee4                HAL_SPI_Init
 .text.HAL_SPI_TransmitReceive
                0x000000000800403a      0x426 Drivers/STM32F3xx_HAL_Driver/Src/stm32f3xx_hal_spi.o
                0x000000000800403a                HAL_SPI_TransmitReceive
 .text.SPI_WaitFlagStateUntilTimeout
                0x0000000008004460      0x110 Drivers/STM32F3xx_HAL_Driver/Src/stm32f3xx_hal_spi.o
 .text.SPI_WaitFifoStateUntilTimeout
                0x0000000008004570      0x11c Drivers/STM32F3xx_HAL_Driver/Src/stm32f3xx_hal_spi.o
 .text.SPI_EndRxTxTransaction
                0x000000000800468c       0x8c Drivers/STM32F3xx_HAL_Driver/Src/stm32f3xx_hal_spi.o
 .text.HAL_TIM_Base_Init
                0x0000000008004718       0xae Drivers/STM32F3xx_HAL_Driver/Src/stm32f3xx_hal_tim.o
                0x0000000008004718                HAL_TIM_Base_Init
 .text.HAL_TIM_OC_Init
                0x00000000080047c6       0xae Drivers/STM32F3xx_HAL_Driver/Src/stm32f3xx_hal_tim.o
                0x00000000080047c6                HAL_TIM_OC_Init
 .text.HAL_TIM_OC_MspInit
                0x0000000008004874       0x14 Drivers/STM32F3xx_HAL_Driver/Src/stm32f3xx_hal_tim.o
                0x0000000008004874                HAL_TIM_OC_MspInit
 .text.HAL_TIM_OC_ConfigChannel
                0x0000000008004888       0xec Drivers/STM32F3xx_HAL_Driver/Src/stm32f3xx_hal_tim.o
                0x0000000008004888                HAL_TIM_OC_ConfigChannel
 .text.HAL_TIM_ConfigClockSource
                0x0000000008004974      0x172 Drivers/STM32F3xx_HAL_Driver/Src/stm32f3xx_hal_tim.o
                0x0000000008004974                HAL_TIM_ConfigClockSource
 *fill*         0x0000000008004ae6        0x2 
 .text.TIM_Base_SetConfig
                0x0000000008004ae8      0x120 Drivers/STM32F3xx_HAL_Driver/Src/stm32f3xx_hal_tim.o
                0x0000000008004ae8                TIM_Base_SetConfig
 .text.TIM_OC1_SetConfig
                0x0000000008004c08      0x120 Drivers/STM32F3xx_HAL_Driver/Src/stm32f3xx_hal_tim.o
 .text.TIM_OC2_SetConfig
                0x0000000008004d28      0x114 Drivers/STM32F3xx_HAL_Driver/Src/stm32f3xx_hal_tim.o
                0x0000000008004d28                TIM_OC2_SetConfig
 .text.TIM_OC3_SetConfig
                0x0000000008004e3c      0x110 Drivers/STM32F3xx_HAL_Driver/Src/stm32f3xx_hal_tim.o
 .text.TIM_OC4_SetConfig
                0x0000000008004f4c       0xd4 Drivers/STM32F3xx_HAL_Driver/Src/stm32f3xx_hal_tim.o
 .text.TIM_OC5_SetConfig
                0x0000000008005020       0xc8 Drivers/STM32F3xx_HAL_Driver/Src/stm32f3xx_hal_tim.o
 .text.TIM_OC6_SetConfig
                0x00000000080050e8       0xcc Drivers/STM32F3xx_HAL_Driver/Src/stm32f3xx_hal_tim.o
 .text.TIM_TI1_ConfigInputStage
                0x00000000080051b4       0x5e Drivers/STM32F3xx_HAL_Driver/Src/stm32f3xx_hal_tim.o
 .text.TIM_TI2_ConfigInputStage
                0x0000000008005212       0x60 Drivers/STM32F3xx_HAL_Driver/Src/stm32f3xx_hal_tim.o
 .text.TIM_ITRx_SetConfig
                0x0000000008005272       0x36 Drivers/STM32F3xx_HAL_Driver/Src/stm32f3xx_hal_tim.o
 .text.TIM_ETR_SetConfig
                0x00000000080052a8       0x40 Drivers/STM32F3xx_HAL_Driver/Src/stm32f3xx_hal_tim.o
                0x00000000080052a8                TIM_ETR_SetConfig
 .text.HAL_TIMEx_MasterConfigSynchronization
                0x00000000080052e8      0x100 Drivers/STM32F3xx_HAL_Driver/Src/stm32f3xx_hal_tim_ex.o
                0x00000000080052e8                HAL_TIMEx_MasterConfigSynchronization
 .text.HAL_TIMEx_ConfigBreakDeadTime
                0x00000000080053e8       0xfc Drivers/STM32F3xx_HAL_Driver/Src/stm32f3xx_hal_tim_ex.o
                0x00000000080053e8                HAL_TIMEx_ConfigBreakDeadTime
 .text.HAL_UART_Init
                0x00000000080054e4       0x9c Drivers/STM32F3xx_HAL_Driver/Src/stm32f3xx_hal_uart.o
                0x00000000080054e4                HAL_UART_Init
 .text.HAL_UART_Transmit
                0x0000000008005580      0x128 Drivers/STM32F3xx_HAL_Driver/Src/stm32f3xx_hal_uart.o
                0x0000000008005580                HAL_UART_Transmit
 .text.UART_SetConfig
                0x00000000080056a8      0x3a4 Drivers/STM32F3xx_HAL_Driver/Src/stm32f3xx_hal_uart.o
                0x00000000080056a8                UART_SetConfig
 .text.UART_AdvFeatureConfig
                0x0000000008005a4c      0x144 Drivers/STM32F3xx_HAL_Driver/Src/stm32f3xx_hal_uart.o
                0x0000000008005a4c                UART_AdvFeatureConfig
 .text.UART_CheckIdleState
                0x0000000008005b90       0x92 Drivers/STM32F3xx_HAL_Driver/Src/stm32f3xx_hal_uart.o
                0x0000000008005b90                UART_CheckIdleState
 .text.UART_WaitOnFlagUntilTimeout
                0x0000000008005c22       0xf8 Drivers/STM32F3xx_HAL_Driver/Src/stm32f3xx_hal_uart.o
                0x0000000008005c22                UART_WaitOnFlagUntilTimeout
 .text.USB_DisableGlobalInt
                0x0000000008005d1a       0x36 Drivers/STM32F3xx_HAL_Driver/Src/stm32f3xx_ll_usb.o
                0x0000000008005d1a                USB_DisableGlobalInt
 .text.USB_DevInit
                0x0000000008005d50       0x42 Drivers/STM32F3xx_HAL_Driver/Src/stm32f3xx_ll_usb.o
                0x0000000008005d50                USB_DevInit
 *fill*         0x0000000008005d92        0x2 
 .text.__errno  0x0000000008005d94        0xc /home/phckopper/st/stm32cubeide_1.2.0/plugins/com.st.stm32cube.ide.mcu.externaltools.gnu-tools-for-stm32.7-2018-q2-update.linux64_1.0.0.201904181610/tools/bin/../lib/gcc/arm-none-eabi/7.3.1/../../../../arm-none-eabi/lib/thumb/v7e-m/fpv4-sp/hard/libc_nano.a(lib_a-errno.o)
                0x0000000008005d94                __errno
 .text.__libc_init_array
                0x0000000008005da0       0x48 /home/phckopper/st/stm32cubeide_1.2.0/plugins/com.st.stm32cube.ide.mcu.externaltools.gnu-tools-for-stm32.7-2018-q2-update.linux64_1.0.0.201904181610/tools/bin/../lib/gcc/arm-none-eabi/7.3.1/../../../../arm-none-eabi/lib/thumb/v7e-m/fpv4-sp/hard/libc_nano.a(lib_a-init.o)
                0x0000000008005da0                __libc_init_array
 .text.memset   0x0000000008005de8       0x10 /home/phckopper/st/stm32cubeide_1.2.0/plugins/com.st.stm32cube.ide.mcu.externaltools.gnu-tools-for-stm32.7-2018-q2-update.linux64_1.0.0.201904181610/tools/bin/../lib/gcc/arm-none-eabi/7.3.1/../../../../arm-none-eabi/lib/thumb/v7e-m/fpv4-sp/hard/libc_nano.a(lib_a-memset.o)
                0x0000000008005de8                memset
 .text.sprintf  0x0000000008005df8       0x40 /home/phckopper/st/stm32cubeide_1.2.0/plugins/com.st.stm32cube.ide.mcu.externaltools.gnu-tools-for-stm32.7-2018-q2-update.linux64_1.0.0.201904181610/tools/bin/../lib/gcc/arm-none-eabi/7.3.1/../../../../arm-none-eabi/lib/thumb/v7e-m/fpv4-sp/hard/libc_nano.a(lib_a-sprintf.o)
                0x0000000008005df8                sprintf
                0x0000000008005df8                siprintf
 .text.__ssputs_r
                0x0000000008005e38       0xb4 /home/phckopper/st/stm32cubeide_1.2.0/plugins/com.st.stm32cube.ide.mcu.externaltools.gnu-tools-for-stm32.7-2018-q2-update.linux64_1.0.0.201904181610/tools/bin/../lib/gcc/arm-none-eabi/7.3.1/../../../../arm-none-eabi/lib/thumb/v7e-m/fpv4-sp/hard/libc_nano.a(lib_a-nano-svfprintf.o)
                0x0000000008005e38                __ssputs_r
 .text._svfprintf_r
                0x0000000008005eec      0x1f0 /home/phckopper/st/stm32cubeide_1.2.0/plugins/com.st.stm32cube.ide.mcu.externaltools.gnu-tools-for-stm32.7-2018-q2-update.linux64_1.0.0.201904181610/tools/bin/../lib/gcc/arm-none-eabi/7.3.1/../../../../arm-none-eabi/lib/thumb/v7e-m/fpv4-sp/hard/libc_nano.a(lib_a-nano-svfprintf.o)
                0x0000000008005eec                _svfprintf_r
                0x0000000008005eec                _svfiprintf_r
 .text._printf_common
                0x00000000080060dc       0xea /home/phckopper/st/stm32cubeide_1.2.0/plugins/com.st.stm32cube.ide.mcu.externaltools.gnu-tools-for-stm32.7-2018-q2-update.linux64_1.0.0.201904181610/tools/bin/../lib/gcc/arm-none-eabi/7.3.1/../../../../arm-none-eabi/lib/thumb/v7e-m/fpv4-sp/hard/libc_nano.a(lib_a-nano-vfprintf_i.o)
                0x00000000080060dc                _printf_common
 *fill*         0x00000000080061c6        0x2 
 .text._printf_i
                0x00000000080061c8      0x224 /home/phckopper/st/stm32cubeide_1.2.0/plugins/com.st.stm32cube.ide.mcu.externaltools.gnu-tools-for-stm32.7-2018-q2-update.linux64_1.0.0.201904181610/tools/bin/../lib/gcc/arm-none-eabi/7.3.1/../../../../arm-none-eabi/lib/thumb/v7e-m/fpv4-sp/hard/libc_nano.a(lib_a-nano-vfprintf_i.o)
                0x00000000080061c8                _printf_i
 .text.memcpy   0x00000000080063ec       0x16 /home/phckopper/st/stm32cubeide_1.2.0/plugins/com.st.stm32cube.ide.mcu.externaltools.gnu-tools-for-stm32.7-2018-q2-update.linux64_1.0.0.201904181610/tools/bin/../lib/gcc/arm-none-eabi/7.3.1/../../../../arm-none-eabi/lib/thumb/v7e-m/fpv4-sp/hard/libc_nano.a(lib_a-memcpy-stub.o)
                0x00000000080063ec                memcpy
 .text.memmove  0x0000000008006402       0x32 /home/phckopper/st/stm32cubeide_1.2.0/plugins/com.st.stm32cube.ide.mcu.externaltools.gnu-tools-for-stm32.7-2018-q2-update.linux64_1.0.0.201904181610/tools/bin/../lib/gcc/arm-none-eabi/7.3.1/../../../../arm-none-eabi/lib/thumb/v7e-m/fpv4-sp/hard/libc_nano.a(lib_a-memmove.o)
                0x0000000008006402                memmove
 .text._free_r  0x0000000008006434       0x9c /home/phckopper/st/stm32cubeide_1.2.0/plugins/com.st.stm32cube.ide.mcu.externaltools.gnu-tools-for-stm32.7-2018-q2-update.linux64_1.0.0.201904181610/tools/bin/../lib/gcc/arm-none-eabi/7.3.1/../../../../arm-none-eabi/lib/thumb/v7e-m/fpv4-sp/hard/libc_nano.a(lib_a-nano-freer.o)
                0x0000000008006434                _free_r
 .text._malloc_r
                0x00000000080064d0       0xb4 /home/phckopper/st/stm32cubeide_1.2.0/plugins/com.st.stm32cube.ide.mcu.externaltools.gnu-tools-for-stm32.7-2018-q2-update.linux64_1.0.0.201904181610/tools/bin/../lib/gcc/arm-none-eabi/7.3.1/../../../../arm-none-eabi/lib/thumb/v7e-m/fpv4-sp/hard/libc_nano.a(lib_a-nano-mallocr.o)
                0x00000000080064d0                _malloc_r
 .text._realloc_r
                0x0000000008006584       0x4c /home/phckopper/st/stm32cubeide_1.2.0/plugins/com.st.stm32cube.ide.mcu.externaltools.gnu-tools-for-stm32.7-2018-q2-update.linux64_1.0.0.201904181610/tools/bin/../lib/gcc/arm-none-eabi/7.3.1/../../../../arm-none-eabi/lib/thumb/v7e-m/fpv4-sp/hard/libc_nano.a(lib_a-nano-reallocr.o)
                0x0000000008006584                _realloc_r
 .text._sbrk_r  0x00000000080065d0       0x20 /home/phckopper/st/stm32cubeide_1.2.0/plugins/com.st.stm32cube.ide.mcu.externaltools.gnu-tools-for-stm32.7-2018-q2-update.linux64_1.0.0.201904181610/tools/bin/../lib/gcc/arm-none-eabi/7.3.1/../../../../arm-none-eabi/lib/thumb/v7e-m/fpv4-sp/hard/libc_nano.a(lib_a-sbrkr.o)
                0x00000000080065d0                _sbrk_r
 .text.__malloc_lock
                0x00000000080065f0        0x2 /home/phckopper/st/stm32cubeide_1.2.0/plugins/com.st.stm32cube.ide.mcu.externaltools.gnu-tools-for-stm32.7-2018-q2-update.linux64_1.0.0.201904181610/tools/bin/../lib/gcc/arm-none-eabi/7.3.1/../../../../arm-none-eabi/lib/thumb/v7e-m/fpv4-sp/hard/libc_nano.a(lib_a-mlock.o)
                0x00000000080065f0                __malloc_lock
 .text.__malloc_unlock
                0x00000000080065f2        0x2 /home/phckopper/st/stm32cubeide_1.2.0/plugins/com.st.stm32cube.ide.mcu.externaltools.gnu-tools-for-stm32.7-2018-q2-update.linux64_1.0.0.201904181610/tools/bin/../lib/gcc/arm-none-eabi/7.3.1/../../../../arm-none-eabi/lib/thumb/v7e-m/fpv4-sp/hard/libc_nano.a(lib_a-mlock.o)
                0x00000000080065f2                __malloc_unlock
 .text._malloc_usable_size_r
                0x00000000080065f4       0x10 /home/phckopper/st/stm32cubeide_1.2.0/plugins/com.st.stm32cube.ide.mcu.externaltools.gnu-tools-for-stm32.7-2018-q2-update.linux64_1.0.0.201904181610/tools/bin/../lib/gcc/arm-none-eabi/7.3.1/../../../../arm-none-eabi/lib/thumb/v7e-m/fpv4-sp/hard/libc_nano.a(lib_a-nano-msizer.o)
                0x00000000080065f4                _malloc_usable_size_r
 *(.glue_7)
 .glue_7        0x0000000008006604        0x0 linker stubs
 *(.glue_7t)
 .glue_7t       0x0000000008006604        0x0 linker stubs
 *(.eh_frame)
 .eh_frame      0x0000000008006604        0x0 /home/phckopper/st/stm32cubeide_1.2.0/plugins/com.st.stm32cube.ide.mcu.externaltools.gnu-tools-for-stm32.7-2018-q2-update.linux64_1.0.0.201904181610/tools/bin/../lib/gcc/arm-none-eabi/7.3.1/thumb/v7e-m/fpv4-sp/hard/crtbegin.o
 *(.init)
 .init          0x0000000008006604        0x4 /home/phckopper/st/stm32cubeide_1.2.0/plugins/com.st.stm32cube.ide.mcu.externaltools.gnu-tools-for-stm32.7-2018-q2-update.linux64_1.0.0.201904181610/tools/bin/../lib/gcc/arm-none-eabi/7.3.1/thumb/v7e-m/fpv4-sp/hard/crti.o
                0x0000000008006604                _init
 .init          0x0000000008006608        0x8 /home/phckopper/st/stm32cubeide_1.2.0/plugins/com.st.stm32cube.ide.mcu.externaltools.gnu-tools-for-stm32.7-2018-q2-update.linux64_1.0.0.201904181610/tools/bin/../lib/gcc/arm-none-eabi/7.3.1/thumb/v7e-m/fpv4-sp/hard/crtn.o
 *(.fini)
 .fini          0x0000000008006610        0x4 /home/phckopper/st/stm32cubeide_1.2.0/plugins/com.st.stm32cube.ide.mcu.externaltools.gnu-tools-for-stm32.7-2018-q2-update.linux64_1.0.0.201904181610/tools/bin/../lib/gcc/arm-none-eabi/7.3.1/thumb/v7e-m/fpv4-sp/hard/crti.o
                0x0000000008006610                _fini
 .fini          0x0000000008006614        0x8 /home/phckopper/st/stm32cubeide_1.2.0/plugins/com.st.stm32cube.ide.mcu.externaltools.gnu-tools-for-stm32.7-2018-q2-update.linux64_1.0.0.201904181610/tools/bin/../lib/gcc/arm-none-eabi/7.3.1/thumb/v7e-m/fpv4-sp/hard/crtn.o
                0x000000000800661c                . = ALIGN (0x4)
                0x000000000800661c                _etext = .

.vfp11_veneer   0x000000000800661c        0x0
 .vfp11_veneer  0x000000000800661c        0x0 linker stubs

.v4_bx          0x000000000800661c        0x0
 .v4_bx         0x000000000800661c        0x0 linker stubs

.iplt           0x000000000800661c        0x0
 .iplt          0x000000000800661c        0x0 /home/phckopper/st/stm32cubeide_1.2.0/plugins/com.st.stm32cube.ide.mcu.externaltools.gnu-tools-for-stm32.7-2018-q2-update.linux64_1.0.0.201904181610/tools/bin/../lib/gcc/arm-none-eabi/7.3.1/thumb/v7e-m/fpv4-sp/hard/crtbegin.o

.rodata         0x000000000800661c       0x9c
                0x000000000800661c                . = ALIGN (0x4)
 *(.rodata)
 .rodata        0x000000000800661c       0x2f Core/Src/main.o
 *(.rodata*)
 *fill*         0x000000000800664b        0x1 
 .rodata.AHBPrescTable
                0x000000000800664c       0x10 Core/Src/system_stm32f3xx.o
                0x000000000800664c                AHBPrescTable
 .rodata.APBPrescTable
                0x000000000800665c        0x8 Core/Src/system_stm32f3xx.o
                0x000000000800665c                APBPrescTable
 .rodata.aPLLMULFactorTable
                0x0000000008006664       0x10 Drivers/STM32F3xx_HAL_Driver/Src/stm32f3xx_hal_rcc.o
                0x0000000008006664                aPLLMULFactorTable
 .rodata.aPredivFactorTable
                0x0000000008006674       0x10 Drivers/STM32F3xx_HAL_Driver/Src/stm32f3xx_hal_rcc.o
                0x0000000008006674                aPredivFactorTable
 .rodata._svfprintf_r.str1.1
                0x0000000008006684       0x11 /home/phckopper/st/stm32cubeide_1.2.0/plugins/com.st.stm32cube.ide.mcu.externaltools.gnu-tools-for-stm32.7-2018-q2-update.linux64_1.0.0.201904181610/tools/bin/../lib/gcc/arm-none-eabi/7.3.1/../../../../arm-none-eabi/lib/thumb/v7e-m/fpv4-sp/hard/libc_nano.a(lib_a-nano-svfprintf.o)
 .rodata._printf_i.str1.1
                0x0000000008006695       0x22 /home/phckopper/st/stm32cubeide_1.2.0/plugins/com.st.stm32cube.ide.mcu.externaltools.gnu-tools-for-stm32.7-2018-q2-update.linux64_1.0.0.201904181610/tools/bin/../lib/gcc/arm-none-eabi/7.3.1/../../../../arm-none-eabi/lib/thumb/v7e-m/fpv4-sp/hard/libc_nano.a(lib_a-nano-vfprintf_i.o)
                0x00000000080066b8                . = ALIGN (0x4)
 *fill*         0x00000000080066b7        0x1 

.rel.dyn        0x00000000080066b8        0x0
 .rel.iplt      0x00000000080066b8        0x0 /home/phckopper/st/stm32cubeide_1.2.0/plugins/com.st.stm32cube.ide.mcu.externaltools.gnu-tools-for-stm32.7-2018-q2-update.linux64_1.0.0.201904181610/tools/bin/../lib/gcc/arm-none-eabi/7.3.1/thumb/v7e-m/fpv4-sp/hard/crtbegin.o

.ARM.extab      0x00000000080066b8        0x0
                0x00000000080066b8                . = ALIGN (0x4)
 *(.ARM.extab* .gnu.linkonce.armextab.*)
                0x00000000080066b8                . = ALIGN (0x4)

.ARM            0x00000000080066b8        0x0
                0x00000000080066b8                . = ALIGN (0x4)
                0x00000000080066b8                __exidx_start = .
 *(.ARM.exidx*)
                0x00000000080066b8                __exidx_end = .
                0x00000000080066b8                . = ALIGN (0x4)

.preinit_array  0x00000000080066b8        0x0
                0x00000000080066b8                . = ALIGN (0x4)
                0x00000000080066b8                PROVIDE (__preinit_array_start = .)
 *(.preinit_array*)
                0x00000000080066b8                PROVIDE (__preinit_array_end = .)
                0x00000000080066b8                . = ALIGN (0x4)

.init_array     0x00000000080066b8        0x4
                0x00000000080066b8                . = ALIGN (0x4)
                0x00000000080066b8                PROVIDE (__init_array_start = .)
 *(SORT_BY_NAME(.init_array.*))
 *(.init_array*)
 .init_array    0x00000000080066b8        0x4 /home/phckopper/st/stm32cubeide_1.2.0/plugins/com.st.stm32cube.ide.mcu.externaltools.gnu-tools-for-stm32.7-2018-q2-update.linux64_1.0.0.201904181610/tools/bin/../lib/gcc/arm-none-eabi/7.3.1/thumb/v7e-m/fpv4-sp/hard/crtbegin.o
                0x00000000080066bc                PROVIDE (__init_array_end = .)
                0x00000000080066bc                . = ALIGN (0x4)

.fini_array     0x00000000080066bc        0x4
                0x00000000080066bc                . = ALIGN (0x4)
                [!provide]                        PROVIDE (__fini_array_start = .)
 *(SORT_BY_NAME(.fini_array.*))
 *(.fini_array*)
 .fini_array    0x00000000080066bc        0x4 /home/phckopper/st/stm32cubeide_1.2.0/plugins/com.st.stm32cube.ide.mcu.externaltools.gnu-tools-for-stm32.7-2018-q2-update.linux64_1.0.0.201904181610/tools/bin/../lib/gcc/arm-none-eabi/7.3.1/thumb/v7e-m/fpv4-sp/hard/crtbegin.o
                [!provide]                        PROVIDE (__fini_array_end = .)
                0x00000000080066c0                . = ALIGN (0x4)
                0x00000000080066c0                _sidata = LOADADDR (.data)

.data           0x0000000020000000       0x70 load address 0x00000000080066c0
                0x0000000020000000                . = ALIGN (0x4)
                0x0000000020000000                _sdata = .
 *(.data)
 *(.data*)
 .data.SystemCoreClock
                0x0000000020000000        0x4 Core/Src/system_stm32f3xx.o
                0x0000000020000000                SystemCoreClock
 .data.uwTickPrio
                0x0000000020000004        0x4 Drivers/STM32F3xx_HAL_Driver/Src/stm32f3xx_hal.o
                0x0000000020000004                uwTickPrio
 .data.uwTickFreq
                0x0000000020000008        0x1 Drivers/STM32F3xx_HAL_Driver/Src/stm32f3xx_hal.o
                0x0000000020000008                uwTickFreq
 *fill*         0x0000000020000009        0x3 
 .data._impure_ptr
                0x000000002000000c        0x4 /home/phckopper/st/stm32cubeide_1.2.0/plugins/com.st.stm32cube.ide.mcu.externaltools.gnu-tools-for-stm32.7-2018-q2-update.linux64_1.0.0.201904181610/tools/bin/../lib/gcc/arm-none-eabi/7.3.1/../../../../arm-none-eabi/lib/thumb/v7e-m/fpv4-sp/hard/libc_nano.a(lib_a-impure.o)
                0x000000002000000c                _impure_ptr
 .data.impure_data
                0x0000000020000010       0x60 /home/phckopper/st/stm32cubeide_1.2.0/plugins/com.st.stm32cube.ide.mcu.externaltools.gnu-tools-for-stm32.7-2018-q2-update.linux64_1.0.0.201904181610/tools/bin/../lib/gcc/arm-none-eabi/7.3.1/../../../../arm-none-eabi/lib/thumb/v7e-m/fpv4-sp/hard/libc_nano.a(lib_a-impure.o)
                0x0000000020000070                . = ALIGN (0x4)
                0x0000000020000070                _edata = .

.igot.plt       0x0000000020000070        0x0 load address 0x0000000008006730
 .igot.plt      0x0000000020000070        0x0 /home/phckopper/st/stm32cubeide_1.2.0/plugins/com.st.stm32cube.ide.mcu.externaltools.gnu-tools-for-stm32.7-2018-q2-update.linux64_1.0.0.201904181610/tools/bin/../lib/gcc/arm-none-eabi/7.3.1/thumb/v7e-m/fpv4-sp/hard/crtbegin.o
                0x0000000020000070                . = ALIGN (0x4)

.bss            0x0000000020000070      0x56c load address 0x0000000008006730
                0x0000000020000070                _sbss = .
                0x0000000020000070                __bss_start__ = _sbss
 *(.bss)
 .bss           0x0000000020000070       0x1c /home/phckopper/st/stm32cubeide_1.2.0/plugins/com.st.stm32cube.ide.mcu.externaltools.gnu-tools-for-stm32.7-2018-q2-update.linux64_1.0.0.201904181610/tools/bin/../lib/gcc/arm-none-eabi/7.3.1/thumb/v7e-m/fpv4-sp/hard/crtbegin.o
 *(.bss*)
 .bss.HAL_RCC_ADC12_CLK_ENABLED
                0x000000002000008c        0x4 Core/Src/adc.o
 .bss.heap_end.6424
                0x0000000020000090        0x4 Core/Src/sysmem.o
 .bss.__malloc_free_list
                0x0000000020000094        0x4 /home/phckopper/st/stm32cubeide_1.2.0/plugins/com.st.stm32cube.ide.mcu.externaltools.gnu-tools-for-stm32.7-2018-q2-update.linux64_1.0.0.201904181610/tools/bin/../lib/gcc/arm-none-eabi/7.3.1/../../../../arm-none-eabi/lib/thumb/v7e-m/fpv4-sp/hard/libc_nano.a(lib_a-nano-mallocr.o)
                0x0000000020000094                __malloc_free_list
 .bss.__malloc_sbrk_start
                0x0000000020000098        0x4 /home/phckopper/st/stm32cubeide_1.2.0/plugins/com.st.stm32cube.ide.mcu.externaltools.gnu-tools-for-stm32.7-2018-q2-update.linux64_1.0.0.201904181610/tools/bin/../lib/gcc/arm-none-eabi/7.3.1/../../../../arm-none-eabi/lib/thumb/v7e-m/fpv4-sp/hard/libc_nano.a(lib_a-nano-mallocr.o)
                0x0000000020000098                __malloc_sbrk_start
 *(COMMON)
 COMMON         0x000000002000009c       0xf0 Core/Src/adc.o
                0x000000002000009c                hadc2
                0x00000000200000ec                hadc1
                0x000000002000013c                hadc3
 COMMON         0x000000002000018c       0x28 Core/Src/can.o
                0x000000002000018c                hcan
 COMMON         0x00000000200001b4       0x64 Core/Src/spi.o
                0x00000000200001b4                hspi1
 COMMON         0x0000000020000218       0x4c Core/Src/tim.o
                0x0000000020000218                htim1
 COMMON         0x0000000020000264       0x84 Core/Src/usart.o
                0x0000000020000264                huart1
 COMMON         0x00000000200002e8      0x2ec Core/Src/usb.o
                0x00000000200002e8                hpcd_USB_FS
 COMMON         0x00000000200005d4        0x4 Drivers/STM32F3xx_HAL_Driver/Src/stm32f3xx_hal.o
                0x00000000200005d4                uwTick
 COMMON         0x00000000200005d8        0x4 /home/phckopper/st/stm32cubeide_1.2.0/plugins/com.st.stm32cube.ide.mcu.externaltools.gnu-tools-for-stm32.7-2018-q2-update.linux64_1.0.0.201904181610/tools/bin/../lib/gcc/arm-none-eabi/7.3.1/../../../../arm-none-eabi/lib/thumb/v7e-m/fpv4-sp/hard/libc_nano.a(lib_a-reent.o)
                0x00000000200005d8                errno
                0x00000000200005dc                . = ALIGN (0x4)
                0x00000000200005dc                _ebss = .
                0x00000000200005dc                __bss_end__ = _ebss

._user_heap_stack
                0x00000000200005dc      0x604 load address 0x0000000008006730
                0x00000000200005e0                . = ALIGN (0x8)
 *fill*         0x00000000200005dc        0x4 
                0x00000000200005e0                PROVIDE (end = .)
                [!provide]                        PROVIDE (_end = .)
                0x00000000200007e0                . = (. + _Min_Heap_Size)
 *fill*         0x00000000200005e0      0x200 
                0x0000000020000be0                . = (. + _Min_Stack_Size)
 *fill*         0x00000000200007e0      0x400 
                0x0000000020000be0                . = ALIGN (0x8)

/DISCARD/
 libc.a(*)
 libm.a(*)
 libgcc.a(*)

.ARM.attributes
                0x0000000000000000       0x30
 *(.ARM.attributes)
 .ARM.attributes
                0x0000000000000000       0x22 /home/phckopper/st/stm32cubeide_1.2.0/plugins/com.st.stm32cube.ide.mcu.externaltools.gnu-tools-for-stm32.7-2018-q2-update.linux64_1.0.0.201904181610/tools/bin/../lib/gcc/arm-none-eabi/7.3.1/thumb/v7e-m/fpv4-sp/hard/crti.o
 .ARM.attributes
                0x0000000000000022       0x34 /home/phckopper/st/stm32cubeide_1.2.0/plugins/com.st.stm32cube.ide.mcu.externaltools.gnu-tools-for-stm32.7-2018-q2-update.linux64_1.0.0.201904181610/tools/bin/../lib/gcc/arm-none-eabi/7.3.1/thumb/v7e-m/fpv4-sp/hard/crtbegin.o
 .ARM.attributes
                0x0000000000000056       0x39 Core/Src/adc.o
 .ARM.attributes
                0x000000000000008f       0x39 Core/Src/can.o
 .ARM.attributes
                0x00000000000000c8       0x39 Core/Src/gpio.o
 .ARM.attributes
                0x0000000000000101       0x39 Core/Src/main.o
 .ARM.attributes
                0x000000000000013a       0x39 Core/Src/spi.o
 .ARM.attributes
                0x0000000000000173       0x39 Core/Src/stm32f3xx_hal_msp.o
 .ARM.attributes
                0x00000000000001ac       0x39 Core/Src/stm32f3xx_it.o
 .ARM.attributes
                0x00000000000001e5       0x39 Core/Src/sysmem.o
 .ARM.attributes
                0x000000000000021e       0x39 Core/Src/system_stm32f3xx.o
 .ARM.attributes
                0x0000000000000257       0x39 Core/Src/tim.o
 .ARM.attributes
                0x0000000000000290       0x39 Core/Src/usart.o
 .ARM.attributes
                0x00000000000002c9       0x39 Core/Src/usb.o
 .ARM.attributes
                0x0000000000000302       0x21 Core/Startup/startup_stm32f303rctx.o
 .ARM.attributes
                0x0000000000000323       0x39 Drivers/STM32F3xx_HAL_Driver/Src/stm32f3xx_hal.o
 .ARM.attributes
                0x000000000000035c       0x39 Drivers/STM32F3xx_HAL_Driver/Src/stm32f3xx_hal_adc_ex.o
 .ARM.attributes
                0x0000000000000395       0x39 Drivers/STM32F3xx_HAL_Driver/Src/stm32f3xx_hal_can.o
 .ARM.attributes
                0x00000000000003ce       0x39 Drivers/STM32F3xx_HAL_Driver/Src/stm32f3xx_hal_cortex.o
 .ARM.attributes
                0x0000000000000407       0x39 Drivers/STM32F3xx_HAL_Driver/Src/stm32f3xx_hal_gpio.o
 .ARM.attributes
                0x0000000000000440       0x39 Drivers/STM32F3xx_HAL_Driver/Src/stm32f3xx_hal_pcd.o
 .ARM.attributes
                0x0000000000000479       0x39 Drivers/STM32F3xx_HAL_Driver/Src/stm32f3xx_hal_rcc.o
 .ARM.attributes
                0x00000000000004b2       0x39 Drivers/STM32F3xx_HAL_Driver/Src/stm32f3xx_hal_rcc_ex.o
 .ARM.attributes
                0x00000000000004eb       0x39 Drivers/STM32F3xx_HAL_Driver/Src/stm32f3xx_hal_spi.o
 .ARM.attributes
                0x0000000000000524       0x39 Drivers/STM32F3xx_HAL_Driver/Src/stm32f3xx_hal_tim.o
 .ARM.attributes
                0x000000000000055d       0x39 Drivers/STM32F3xx_HAL_Driver/Src/stm32f3xx_hal_tim_ex.o
 .ARM.attributes
                0x0000000000000596       0x39 Drivers/STM32F3xx_HAL_Driver/Src/stm32f3xx_hal_uart.o
 .ARM.attributes
                0x00000000000005cf       0x39 Drivers/STM32F3xx_HAL_Driver/Src/stm32f3xx_ll_usb.o
 .ARM.attributes
                0x0000000000000608       0x34 /home/phckopper/st/stm32cubeide_1.2.0/plugins/com.st.stm32cube.ide.mcu.externaltools.gnu-tools-for-stm32.7-2018-q2-update.linux64_1.0.0.201904181610/tools/bin/../lib/gcc/arm-none-eabi/7.3.1/../../../../arm-none-eabi/lib/thumb/v7e-m/fpv4-sp/hard/libc_nano.a(lib_a-errno.o)
 .ARM.attributes
                0x000000000000063c       0x34 /home/phckopper/st/stm32cubeide_1.2.0/plugins/com.st.stm32cube.ide.mcu.externaltools.gnu-tools-for-stm32.7-2018-q2-update.linux64_1.0.0.201904181610/tools/bin/../lib/gcc/arm-none-eabi/7.3.1/../../../../arm-none-eabi/lib/thumb/v7e-m/fpv4-sp/hard/libc_nano.a(lib_a-impure.o)
 .ARM.attributes
                0x0000000000000670       0x34 /home/phckopper/st/stm32cubeide_1.2.0/plugins/com.st.stm32cube.ide.mcu.externaltools.gnu-tools-for-stm32.7-2018-q2-update.linux64_1.0.0.201904181610/tools/bin/../lib/gcc/arm-none-eabi/7.3.1/../../../../arm-none-eabi/lib/thumb/v7e-m/fpv4-sp/hard/libc_nano.a(lib_a-init.o)
 .ARM.attributes
                0x00000000000006a4       0x34 /home/phckopper/st/stm32cubeide_1.2.0/plugins/com.st.stm32cube.ide.mcu.externaltools.gnu-tools-for-stm32.7-2018-q2-update.linux64_1.0.0.201904181610/tools/bin/../lib/gcc/arm-none-eabi/7.3.1/../../../../arm-none-eabi/lib/thumb/v7e-m/fpv4-sp/hard/libc_nano.a(lib_a-memset.o)
 .ARM.attributes
                0x00000000000006d8       0x34 /home/phckopper/st/stm32cubeide_1.2.0/plugins/com.st.stm32cube.ide.mcu.externaltools.gnu-tools-for-stm32.7-2018-q2-update.linux64_1.0.0.201904181610/tools/bin/../lib/gcc/arm-none-eabi/7.3.1/../../../../arm-none-eabi/lib/thumb/v7e-m/fpv4-sp/hard/libc_nano.a(lib_a-sprintf.o)
 .ARM.attributes
                0x000000000000070c       0x1b /home/phckopper/st/stm32cubeide_1.2.0/plugins/com.st.stm32cube.ide.mcu.externaltools.gnu-tools-for-stm32.7-2018-q2-update.linux64_1.0.0.201904181610/tools/bin/../lib/gcc/arm-none-eabi/7.3.1/../../../../arm-none-eabi/lib/thumb/v7e-m/fpv4-sp/hard/libc_nano.a(lib_a-strlen.o)
 .ARM.attributes
                0x0000000000000727       0x34 /home/phckopper/st/stm32cubeide_1.2.0/plugins/com.st.stm32cube.ide.mcu.externaltools.gnu-tools-for-stm32.7-2018-q2-update.linux64_1.0.0.201904181610/tools/bin/../lib/gcc/arm-none-eabi/7.3.1/../../../../arm-none-eabi/lib/thumb/v7e-m/fpv4-sp/hard/libc_nano.a(lib_a-nano-svfprintf.o)
 .ARM.attributes
                0x000000000000075b       0x34 /home/phckopper/st/stm32cubeide_1.2.0/plugins/com.st.stm32cube.ide.mcu.externaltools.gnu-tools-for-stm32.7-2018-q2-update.linux64_1.0.0.201904181610/tools/bin/../lib/gcc/arm-none-eabi/7.3.1/../../../../arm-none-eabi/lib/thumb/v7e-m/fpv4-sp/hard/libc_nano.a(lib_a-nano-vfprintf_i.o)
 .ARM.attributes
                0x000000000000078f       0x20 /home/phckopper/st/stm32cubeide_1.2.0/plugins/com.st.stm32cube.ide.mcu.externaltools.gnu-tools-for-stm32.7-2018-q2-update.linux64_1.0.0.201904181610/tools/bin/../lib/gcc/arm-none-eabi/7.3.1/../../../../arm-none-eabi/lib/thumb/v7e-m/fpv4-sp/hard/libc_nano.a(lib_a-memchr.o)
 .ARM.attributes
                0x00000000000007af       0x34 /home/phckopper/st/stm32cubeide_1.2.0/plugins/com.st.stm32cube.ide.mcu.externaltools.gnu-tools-for-stm32.7-2018-q2-update.linux64_1.0.0.201904181610/tools/bin/../lib/gcc/arm-none-eabi/7.3.1/../../../../arm-none-eabi/lib/thumb/v7e-m/fpv4-sp/hard/libc_nano.a(lib_a-memcpy-stub.o)
 .ARM.attributes
                0x00000000000007e3       0x34 /home/phckopper/st/stm32cubeide_1.2.0/plugins/com.st.stm32cube.ide.mcu.externaltools.gnu-tools-for-stm32.7-2018-q2-update.linux64_1.0.0.201904181610/tools/bin/../lib/gcc/arm-none-eabi/7.3.1/../../../../arm-none-eabi/lib/thumb/v7e-m/fpv4-sp/hard/libc_nano.a(lib_a-memmove.o)
 .ARM.attributes
                0x0000000000000817       0x34 /home/phckopper/st/stm32cubeide_1.2.0/plugins/com.st.stm32cube.ide.mcu.externaltools.gnu-tools-for-stm32.7-2018-q2-update.linux64_1.0.0.201904181610/tools/bin/../lib/gcc/arm-none-eabi/7.3.1/../../../../arm-none-eabi/lib/thumb/v7e-m/fpv4-sp/hard/libc_nano.a(lib_a-nano-freer.o)
 .ARM.attributes
                0x000000000000084b       0x34 /home/phckopper/st/stm32cubeide_1.2.0/plugins/com.st.stm32cube.ide.mcu.externaltools.gnu-tools-for-stm32.7-2018-q2-update.linux64_1.0.0.201904181610/tools/bin/../lib/gcc/arm-none-eabi/7.3.1/../../../../arm-none-eabi/lib/thumb/v7e-m/fpv4-sp/hard/libc_nano.a(lib_a-nano-mallocr.o)
 .ARM.attributes
                0x000000000000087f       0x34 /home/phckopper/st/stm32cubeide_1.2.0/plugins/com.st.stm32cube.ide.mcu.externaltools.gnu-tools-for-stm32.7-2018-q2-update.linux64_1.0.0.201904181610/tools/bin/../lib/gcc/arm-none-eabi/7.3.1/../../../../arm-none-eabi/lib/thumb/v7e-m/fpv4-sp/hard/libc_nano.a(lib_a-nano-reallocr.o)
 .ARM.attributes
                0x00000000000008b3       0x34 /home/phckopper/st/stm32cubeide_1.2.0/plugins/com.st.stm32cube.ide.mcu.externaltools.gnu-tools-for-stm32.7-2018-q2-update.linux64_1.0.0.201904181610/tools/bin/../lib/gcc/arm-none-eabi/7.3.1/../../../../arm-none-eabi/lib/thumb/v7e-m/fpv4-sp/hard/libc_nano.a(lib_a-sbrkr.o)
 .ARM.attributes
                0x00000000000008e7       0x34 /home/phckopper/st/stm32cubeide_1.2.0/plugins/com.st.stm32cube.ide.mcu.externaltools.gnu-tools-for-stm32.7-2018-q2-update.linux64_1.0.0.201904181610/tools/bin/../lib/gcc/arm-none-eabi/7.3.1/../../../../arm-none-eabi/lib/thumb/v7e-m/fpv4-sp/hard/libc_nano.a(lib_a-mlock.o)
 .ARM.attributes
                0x000000000000091b       0x34 /home/phckopper/st/stm32cubeide_1.2.0/plugins/com.st.stm32cube.ide.mcu.externaltools.gnu-tools-for-stm32.7-2018-q2-update.linux64_1.0.0.201904181610/tools/bin/../lib/gcc/arm-none-eabi/7.3.1/../../../../arm-none-eabi/lib/thumb/v7e-m/fpv4-sp/hard/libc_nano.a(lib_a-nano-msizer.o)
 .ARM.attributes
                0x000000000000094f       0x34 /home/phckopper/st/stm32cubeide_1.2.0/plugins/com.st.stm32cube.ide.mcu.externaltools.gnu-tools-for-stm32.7-2018-q2-update.linux64_1.0.0.201904181610/tools/bin/../lib/gcc/arm-none-eabi/7.3.1/../../../../arm-none-eabi/lib/thumb/v7e-m/fpv4-sp/hard/libc_nano.a(lib_a-reent.o)
 .ARM.attributes
                0x0000000000000983       0x22 /home/phckopper/st/stm32cubeide_1.2.0/plugins/com.st.stm32cube.ide.mcu.externaltools.gnu-tools-for-stm32.7-2018-q2-update.linux64_1.0.0.201904181610/tools/bin/../lib/gcc/arm-none-eabi/7.3.1/thumb/v7e-m/fpv4-sp/hard/crtn.o
OUTPUT(PegasusMainBoard.elf elf32-littlearm)

.debug_info     0x0000000000000000    0x167d6
 .debug_info    0x0000000000000000      0xb88 Core/Src/adc.o
 .debug_info    0x0000000000000b88      0x7c0 Core/Src/can.o
 .debug_info    0x0000000000001348      0x3eb Core/Src/gpio.o
 .debug_info    0x0000000000001733     0x2362 Core/Src/main.o
 .debug_info    0x0000000000003a95      0x8b6 Core/Src/spi.o
 .debug_info    0x000000000000434b      0x448 Core/Src/stm32f3xx_hal_msp.o
 .debug_info    0x0000000000004793      0x21e Core/Src/stm32f3xx_it.o
 .debug_info    0x00000000000049b1      0x91c Core/Src/sysmem.o
 .debug_info    0x00000000000052cd      0x45c Core/Src/system_stm32f3xx.o
 .debug_info    0x0000000000005729      0xb88 Core/Src/tim.o
 .debug_info    0x00000000000062b1      0x933 Core/Src/usart.o
 .debug_info    0x0000000000006be4      0x89b Core/Src/usb.o
 .debug_info    0x000000000000747f       0x22 Core/Startup/startup_stm32f303rctx.o
 .debug_info    0x00000000000074a1      0x7e2 Drivers/STM32F3xx_HAL_Driver/Src/stm32f3xx_hal.o
 .debug_info    0x0000000000007c83     0x1571 Drivers/STM32F3xx_HAL_Driver/Src/stm32f3xx_hal_adc_ex.o
 .debug_info    0x00000000000091f4      0xfab Drivers/STM32F3xx_HAL_Driver/Src/stm32f3xx_hal_can.o
 .debug_info    0x000000000000a19f      0xd99 Drivers/STM32F3xx_HAL_Driver/Src/stm32f3xx_hal_cortex.o
 .debug_info    0x000000000000af38      0x70b Drivers/STM32F3xx_HAL_Driver/Src/stm32f3xx_hal_gpio.o
 .debug_info    0x000000000000b643     0x124b Drivers/STM32F3xx_HAL_Driver/Src/stm32f3xx_hal_pcd.o
 .debug_info    0x000000000000c88e     0x180f Drivers/STM32F3xx_HAL_Driver/Src/stm32f3xx_hal_rcc.o
 .debug_info    0x000000000000e09d      0x6ad Drivers/STM32F3xx_HAL_Driver/Src/stm32f3xx_hal_rcc_ex.o
 .debug_info    0x000000000000e74a     0x167f Drivers/STM32F3xx_HAL_Driver/Src/stm32f3xx_hal_spi.o
 .debug_info    0x000000000000fdc9     0x2901 Drivers/STM32F3xx_HAL_Driver/Src/stm32f3xx_hal_tim.o
 .debug_info    0x00000000000126ca     0x144c Drivers/STM32F3xx_HAL_Driver/Src/stm32f3xx_hal_tim_ex.o
 .debug_info    0x0000000000013b16     0x16a2 Drivers/STM32F3xx_HAL_Driver/Src/stm32f3xx_hal_uart.o
 .debug_info    0x00000000000151b8     0x161e Drivers/STM32F3xx_HAL_Driver/Src/stm32f3xx_ll_usb.o

.debug_abbrev   0x0000000000000000     0x2ef8
 .debug_abbrev  0x0000000000000000      0x1c2 Core/Src/adc.o
 .debug_abbrev  0x00000000000001c2      0x1ad Core/Src/can.o
 .debug_abbrev  0x000000000000036f      0x134 Core/Src/gpio.o
 .debug_abbrev  0x00000000000004a3      0x242 Core/Src/main.o
 .debug_abbrev  0x00000000000006e5      0x199 Core/Src/spi.o
 .debug_abbrev  0x000000000000087e      0x112 Core/Src/stm32f3xx_hal_msp.o
 .debug_abbrev  0x0000000000000990       0xc6 Core/Src/stm32f3xx_it.o
 .debug_abbrev  0x0000000000000a56      0x1bb Core/Src/sysmem.o
 .debug_abbrev  0x0000000000000c11      0x12b Core/Src/system_stm32f3xx.o
 .debug_abbrev  0x0000000000000d3c      0x1c4 Core/Src/tim.o
 .debug_abbrev  0x0000000000000f00      0x199 Core/Src/usart.o
 .debug_abbrev  0x0000000000001099      0x196 Core/Src/usb.o
 .debug_abbrev  0x000000000000122f       0x12 Core/Startup/startup_stm32f303rctx.o
 .debug_abbrev  0x0000000000001241      0x1c7 Drivers/STM32F3xx_HAL_Driver/Src/stm32f3xx_hal.o
 .debug_abbrev  0x0000000000001408      0x225 Drivers/STM32F3xx_HAL_Driver/Src/stm32f3xx_hal_adc_ex.o
 .debug_abbrev  0x000000000000162d      0x21d Drivers/STM32F3xx_HAL_Driver/Src/stm32f3xx_hal_can.o
 .debug_abbrev  0x000000000000184a      0x2fa Drivers/STM32F3xx_HAL_Driver/Src/stm32f3xx_hal_cortex.o
 .debug_abbrev  0x0000000000001b44      0x1c0 Drivers/STM32F3xx_HAL_Driver/Src/stm32f3xx_hal_gpio.o
 .debug_abbrev  0x0000000000001d04      0x282 Drivers/STM32F3xx_HAL_Driver/Src/stm32f3xx_hal_pcd.o
 .debug_abbrev  0x0000000000001f86      0x28c Drivers/STM32F3xx_HAL_Driver/Src/stm32f3xx_hal_rcc.o
 .debug_abbrev  0x0000000000002212      0x219 Drivers/STM32F3xx_HAL_Driver/Src/stm32f3xx_hal_rcc_ex.o
 .debug_abbrev  0x000000000000242b      0x228 Drivers/STM32F3xx_HAL_Driver/Src/stm32f3xx_hal_spi.o
 .debug_abbrev  0x0000000000002653      0x230 Drivers/STM32F3xx_HAL_Driver/Src/stm32f3xx_hal_tim.o
 .debug_abbrev  0x0000000000002883      0x236 Drivers/STM32F3xx_HAL_Driver/Src/stm32f3xx_hal_tim_ex.o
 .debug_abbrev  0x0000000000002ab9      0x215 Drivers/STM32F3xx_HAL_Driver/Src/stm32f3xx_hal_uart.o
 .debug_abbrev  0x0000000000002cce      0x22a Drivers/STM32F3xx_HAL_Driver/Src/stm32f3xx_ll_usb.o

.debug_aranges  0x0000000000000000     0x1370
 .debug_aranges
                0x0000000000000000       0x40 Core/Src/adc.o
 .debug_aranges
                0x0000000000000040       0x30 Core/Src/can.o
 .debug_aranges
                0x0000000000000070       0x20 Core/Src/gpio.o
 .debug_aranges
                0x0000000000000090       0x30 Core/Src/main.o
 .debug_aranges
                0x00000000000000c0       0x30 Core/Src/spi.o
 .debug_aranges
                0x00000000000000f0       0x20 Core/Src/stm32f3xx_hal_msp.o
 .debug_aranges
                0x0000000000000110       0x68 Core/Src/stm32f3xx_it.o
 .debug_aranges
                0x0000000000000178       0x20 Core/Src/sysmem.o
 .debug_aranges
                0x0000000000000198       0x28 Core/Src/system_stm32f3xx.o
 .debug_aranges
                0x00000000000001c0       0x38 Core/Src/tim.o
 .debug_aranges
                0x00000000000001f8       0x30 Core/Src/usart.o
 .debug_aranges
                0x0000000000000228       0x30 Core/Src/usb.o
 .debug_aranges
                0x0000000000000258       0x28 Core/Startup/startup_stm32f303rctx.o
 .debug_aranges
                0x0000000000000280       0xe0 Drivers/STM32F3xx_HAL_Driver/Src/stm32f3xx_hal.o
 .debug_aranges
                0x0000000000000360      0x168 Drivers/STM32F3xx_HAL_Driver/Src/stm32f3xx_hal_adc_ex.o
 .debug_aranges
                0x00000000000004c8      0x138 Drivers/STM32F3xx_HAL_Driver/Src/stm32f3xx_hal_can.o
 .debug_aranges
                0x0000000000000600      0x118 Drivers/STM32F3xx_HAL_Driver/Src/stm32f3xx_hal_cortex.o
 .debug_aranges
                0x0000000000000718       0x58 Drivers/STM32F3xx_HAL_Driver/Src/stm32f3xx_hal_gpio.o
 .debug_aranges
                0x0000000000000770      0x138 Drivers/STM32F3xx_HAL_Driver/Src/stm32f3xx_hal_pcd.o
 .debug_aranges
                0x00000000000008a8       0x88 Drivers/STM32F3xx_HAL_Driver/Src/stm32f3xx_hal_rcc.o
 .debug_aranges
                0x0000000000000930       0x38 Drivers/STM32F3xx_HAL_Driver/Src/stm32f3xx_hal_rcc_ex.o
 .debug_aranges
                0x0000000000000968      0x1d8 Drivers/STM32F3xx_HAL_Driver/Src/stm32f3xx_hal_spi.o
 .debug_aranges
                0x0000000000000b40      0x3e0 Drivers/STM32F3xx_HAL_Driver/Src/stm32f3xx_hal_tim.o
 .debug_aranges
                0x0000000000000f20      0x178 Drivers/STM32F3xx_HAL_Driver/Src/stm32f3xx_hal_tim_ex.o
 .debug_aranges
                0x0000000000001098      0x228 Drivers/STM32F3xx_HAL_Driver/Src/stm32f3xx_hal_uart.o
 .debug_aranges
                0x00000000000012c0       0xb0 Drivers/STM32F3xx_HAL_Driver/Src/stm32f3xx_ll_usb.o

.debug_ranges   0x0000000000000000     0x1208
 .debug_ranges  0x0000000000000000       0x30 Core/Src/adc.o
 .debug_ranges  0x0000000000000030       0x20 Core/Src/can.o
 .debug_ranges  0x0000000000000050       0x10 Core/Src/gpio.o
 .debug_ranges  0x0000000000000060       0x20 Core/Src/main.o
 .debug_ranges  0x0000000000000080       0x20 Core/Src/spi.o
 .debug_ranges  0x00000000000000a0       0x10 Core/Src/stm32f3xx_hal_msp.o
 .debug_ranges  0x00000000000000b0       0x58 Core/Src/stm32f3xx_it.o
 .debug_ranges  0x0000000000000108       0x10 Core/Src/sysmem.o
 .debug_ranges  0x0000000000000118       0x18 Core/Src/system_stm32f3xx.o
 .debug_ranges  0x0000000000000130       0x28 Core/Src/tim.o
 .debug_ranges  0x0000000000000158       0x20 Core/Src/usart.o
 .debug_ranges  0x0000000000000178       0x20 Core/Src/usb.o
 .debug_ranges  0x0000000000000198       0x20 Core/Startup/startup_stm32f303rctx.o
 .debug_ranges  0x00000000000001b8       0xd0 Drivers/STM32F3xx_HAL_Driver/Src/stm32f3xx_hal.o
 .debug_ranges  0x0000000000000288      0x158 Drivers/STM32F3xx_HAL_Driver/Src/stm32f3xx_hal_adc_ex.o
 .debug_ranges  0x00000000000003e0      0x128 Drivers/STM32F3xx_HAL_Driver/Src/stm32f3xx_hal_can.o
 .debug_ranges  0x0000000000000508      0x108 Drivers/STM32F3xx_HAL_Driver/Src/stm32f3xx_hal_cortex.o
 .debug_ranges  0x0000000000000610       0x48 Drivers/STM32F3xx_HAL_Driver/Src/stm32f3xx_hal_gpio.o
 .debug_ranges  0x0000000000000658      0x128 Drivers/STM32F3xx_HAL_Driver/Src/stm32f3xx_hal_pcd.o
 .debug_ranges  0x0000000000000780       0x78 Drivers/STM32F3xx_HAL_Driver/Src/stm32f3xx_hal_rcc.o
 .debug_ranges  0x00000000000007f8       0x28 Drivers/STM32F3xx_HAL_Driver/Src/stm32f3xx_hal_rcc_ex.o
 .debug_ranges  0x0000000000000820      0x1c8 Drivers/STM32F3xx_HAL_Driver/Src/stm32f3xx_hal_spi.o
 .debug_ranges  0x00000000000009e8      0x3d0 Drivers/STM32F3xx_HAL_Driver/Src/stm32f3xx_hal_tim.o
 .debug_ranges  0x0000000000000db8      0x168 Drivers/STM32F3xx_HAL_Driver/Src/stm32f3xx_hal_tim_ex.o
 .debug_ranges  0x0000000000000f20      0x248 Drivers/STM32F3xx_HAL_Driver/Src/stm32f3xx_hal_uart.o
 .debug_ranges  0x0000000000001168       0xa0 Drivers/STM32F3xx_HAL_Driver/Src/stm32f3xx_ll_usb.o

.debug_macro    0x0000000000000000    0x2144d
 .debug_macro   0x0000000000000000      0x24c Core/Src/adc.o
 .debug_macro   0x000000000000024c      0xa5a Core/Src/adc.o
 .debug_macro   0x0000000000000ca6      0x16f Core/Src/adc.o
 .debug_macro   0x0000000000000e15       0x2e Core/Src/adc.o
 .debug_macro   0x0000000000000e43       0x28 Core/Src/adc.o
 .debug_macro   0x0000000000000e6b       0x22 Core/Src/adc.o
 .debug_macro   0x0000000000000e8d       0x8e Core/Src/adc.o
 .debug_macro   0x0000000000000f1b       0x51 Core/Src/adc.o
 .debug_macro   0x0000000000000f6c       0xef Core/Src/adc.o
 .debug_macro   0x000000000000105b       0x6a Core/Src/adc.o
 .debug_macro   0x00000000000010c5      0x1df Core/Src/adc.o
 .debug_macro   0x00000000000012a4       0x1c Core/Src/adc.o
 .debug_macro   0x00000000000012c0       0x22 Core/Src/adc.o
 .debug_macro   0x00000000000012e2       0xdf Core/Src/adc.o
 .debug_macro   0x00000000000013c1     0x102d Core/Src/adc.o
 .debug_macro   0x00000000000023ee      0x11f Core/Src/adc.o
 .debug_macro   0x000000000000250d    0x12a33 Core/Src/adc.o
 .debug_macro   0x0000000000014f40       0x43 Core/Src/adc.o
 .debug_macro   0x0000000000014f83     0x35e9 Core/Src/adc.o
 .debug_macro   0x000000000001856c      0x174 Core/Src/adc.o
 .debug_macro   0x00000000000186e0       0x55 Core/Src/adc.o
 .debug_macro   0x0000000000018735      0x962 Core/Src/adc.o
 .debug_macro   0x0000000000019097      0x5fe Core/Src/adc.o
 .debug_macro   0x0000000000019695      0x12f Core/Src/adc.o
 .debug_macro   0x00000000000197c4      0x1fb Core/Src/adc.o
 .debug_macro   0x00000000000199bf      0x1dc Core/Src/adc.o
 .debug_macro   0x0000000000019b9b      0x1bc Core/Src/adc.o
 .debug_macro   0x0000000000019d57       0x30 Core/Src/adc.o
 .debug_macro   0x0000000000019d87       0x3c Core/Src/adc.o
 .debug_macro   0x0000000000019dc3      0x236 Core/Src/adc.o
 .debug_macro   0x0000000000019ff9      0x9b1 Core/Src/adc.o
 .debug_macro   0x000000000001a9aa       0x77 Core/Src/adc.o
 .debug_macro   0x000000000001aa21      0x408 Core/Src/adc.o
 .debug_macro   0x000000000001ae29       0xc5 Core/Src/adc.o
 .debug_macro   0x000000000001aeee      0x21d Core/Src/adc.o
 .debug_macro   0x000000000001b10b      0x22c Core/Src/adc.o
 .debug_macro   0x000000000001b337       0x5b Core/Src/adc.o
 .debug_macro   0x000000000001b392       0xa5 Core/Src/adc.o
 .debug_macro   0x000000000001b437       0x65 Core/Src/adc.o
 .debug_macro   0x000000000001b49c      0x249 Core/Src/adc.o
 .debug_macro   0x000000000001b6e5       0x81 Core/Src/adc.o
 .debug_macro   0x000000000001b766       0xd3 Core/Src/adc.o
 .debug_macro   0x000000000001b839      0x2fe Core/Src/adc.o
 .debug_macro   0x000000000001bb37      0xa3d Core/Src/adc.o
 .debug_macro   0x000000000001c574       0x89 Core/Src/adc.o
 .debug_macro   0x000000000001c5fd      0x5a5 Core/Src/adc.o
 .debug_macro   0x000000000001cba2       0x3e Core/Src/adc.o
 .debug_macro   0x000000000001cbe0      0x275 Core/Src/adc.o
 .debug_macro   0x000000000001ce55      0x160 Core/Src/adc.o
 .debug_macro   0x000000000001cfb5      0x24c Core/Src/can.o
 .debug_macro   0x000000000001d201      0x24c Core/Src/gpio.o
 .debug_macro   0x000000000001d44d      0x412 Core/Src/main.o
 .debug_macro   0x000000000001d85f       0x46 Core/Src/main.o
 .debug_macro   0x000000000001d8a5       0x18 Core/Src/main.o
 .debug_macro   0x000000000001d8bd       0x3c Core/Src/main.o
 .debug_macro   0x000000000001d8f9       0x34 Core/Src/main.o
 .debug_macro   0x000000000001d92d       0x16 Core/Src/main.o
 .debug_macro   0x000000000001d943       0x35 Core/Src/main.o
 .debug_macro   0x000000000001d978      0x32a Core/Src/main.o
 .debug_macro   0x000000000001dca2       0x10 Core/Src/main.o
 .debug_macro   0x000000000001dcb2       0x52 Core/Src/main.o
 .debug_macro   0x000000000001dd04       0x1f Core/Src/main.o
 .debug_macro   0x000000000001dd23       0x43 Core/Src/main.o
 .debug_macro   0x000000000001dd66       0x20 Core/Src/main.o
 .debug_macro   0x000000000001dd86      0x1a3 Core/Src/main.o
 .debug_macro   0x000000000001df29       0x10 Core/Src/main.o
 .debug_macro   0x000000000001df39       0x1c Core/Src/main.o
 .debug_macro   0x000000000001df55       0x52 Core/Src/main.o
 .debug_macro   0x000000000001dfa7       0x40 Core/Src/main.o
 .debug_macro   0x000000000001dfe7       0x10 Core/Src/main.o
 .debug_macro   0x000000000001dff7       0x40 Core/Src/main.o
 .debug_macro   0x000000000001e037       0xd7 Core/Src/main.o
 .debug_macro   0x000000000001e10e       0x1c Core/Src/main.o
 .debug_macro   0x000000000001e12a       0x3d Core/Src/main.o
 .debug_macro   0x000000000001e167       0x16 Core/Src/main.o
 .debug_macro   0x000000000001e17d      0x145 Core/Src/main.o
 .debug_macro   0x000000000001e2c2       0x16 Core/Src/main.o
 .debug_macro   0x000000000001e2d8       0x20 Core/Src/main.o
 .debug_macro   0x000000000001e2f8      0x24c Core/Src/spi.o
 .debug_macro   0x000000000001e544      0x242 Core/Src/stm32f3xx_hal_msp.o
 .debug_macro   0x000000000001e786      0x24c Core/Src/stm32f3xx_it.o
 .debug_macro   0x000000000001e9d2      0x1ae Core/Src/sysmem.o
 .debug_macro   0x000000000001eb80      0x23b Core/Src/sysmem.o
 .debug_macro   0x000000000001edbb      0x233 Core/Src/system_stm32f3xx.o
 .debug_macro   0x000000000001efee      0x24c Core/Src/tim.o
 .debug_macro   0x000000000001f23a      0x24c Core/Src/usart.o
 .debug_macro   0x000000000001f486      0x24c Core/Src/usb.o
 .debug_macro   0x000000000001f6d2      0x257 Drivers/STM32F3xx_HAL_Driver/Src/stm32f3xx_hal.o
 .debug_macro   0x000000000001f929      0x25d Drivers/STM32F3xx_HAL_Driver/Src/stm32f3xx_hal_adc_ex.o
 .debug_macro   0x000000000001fb86      0x23b Drivers/STM32F3xx_HAL_Driver/Src/stm32f3xx_hal_can.o
 .debug_macro   0x000000000001fdc1      0x233 Drivers/STM32F3xx_HAL_Driver/Src/stm32f3xx_hal_cortex.o
 .debug_macro   0x000000000001fff4      0x26b Drivers/STM32F3xx_HAL_Driver/Src/stm32f3xx_hal_gpio.o
 .debug_macro   0x000000000002025f      0x23f Drivers/STM32F3xx_HAL_Driver/Src/stm32f3xx_hal_pcd.o
 .debug_macro   0x000000000002049e      0x257 Drivers/STM32F3xx_HAL_Driver/Src/stm32f3xx_hal_rcc.o
 .debug_macro   0x00000000000206f5      0x233 Drivers/STM32F3xx_HAL_Driver/Src/stm32f3xx_hal_rcc_ex.o
 .debug_macro   0x0000000000020928      0x23b Drivers/STM32F3xx_HAL_Driver/Src/stm32f3xx_hal_spi.o
 .debug_macro   0x0000000000020b63      0x234 Drivers/STM32F3xx_HAL_Driver/Src/stm32f3xx_hal_tim.o
 .debug_macro   0x0000000000020d97      0x233 Drivers/STM32F3xx_HAL_Driver/Src/stm32f3xx_hal_tim_ex.o
 .debug_macro   0x0000000000020fca      0x250 Drivers/STM32F3xx_HAL_Driver/Src/stm32f3xx_hal_uart.o
 .debug_macro   0x000000000002121a      0x233 Drivers/STM32F3xx_HAL_Driver/Src/stm32f3xx_ll_usb.o

.debug_line     0x0000000000000000    0x13d46
 .debug_line    0x0000000000000000      0x88c Core/Src/adc.o
 .debug_line    0x000000000000088c      0x7e8 Core/Src/can.o
 .debug_line    0x0000000000001074      0x7d7 Core/Src/gpio.o
 .debug_line    0x000000000000184b      0xa89 Core/Src/main.o
 .debug_line    0x00000000000022d4      0x7ea Core/Src/spi.o
 .debug_line    0x0000000000002abe      0x7b6 Core/Src/stm32f3xx_hal_msp.o
 .debug_line    0x0000000000003274      0x86a Core/Src/stm32f3xx_it.o
 .debug_line    0x0000000000003ade      0x568 Core/Src/sysmem.o
 .debug_line    0x0000000000004046      0x7d1 Core/Src/system_stm32f3xx.o
 .debug_line    0x0000000000004817      0x829 Core/Src/tim.o
 .debug_line    0x0000000000005040      0x7ea Core/Src/usart.o
 .debug_line    0x000000000000582a      0x7e2 Core/Src/usb.o
 .debug_line    0x000000000000600c       0x88 Core/Startup/startup_stm32f303rctx.o
 .debug_line    0x0000000000006094      0x98f Drivers/STM32F3xx_HAL_Driver/Src/stm32f3xx_hal.o
 .debug_line    0x0000000000006a23     0x1a8d Drivers/STM32F3xx_HAL_Driver/Src/stm32f3xx_hal_adc_ex.o
 .debug_line    0x00000000000084b0      0xc5b Drivers/STM32F3xx_HAL_Driver/Src/stm32f3xx_hal_can.o
 .debug_line    0x000000000000910b      0xac4 Drivers/STM32F3xx_HAL_Driver/Src/stm32f3xx_hal_cortex.o
 .debug_line    0x0000000000009bcf      0x942 Drivers/STM32F3xx_HAL_Driver/Src/stm32f3xx_hal_gpio.o
 .debug_line    0x000000000000a511      0xda4 Drivers/STM32F3xx_HAL_Driver/Src/stm32f3xx_hal_pcd.o
 .debug_line    0x000000000000b2b5      0xf08 Drivers/STM32F3xx_HAL_Driver/Src/stm32f3xx_hal_rcc.o
 .debug_line    0x000000000000c1bd      0xa82 Drivers/STM32F3xx_HAL_Driver/Src/stm32f3xx_hal_rcc_ex.o
 .debug_line    0x000000000000cc3f     0x1264 Drivers/STM32F3xx_HAL_Driver/Src/stm32f3xx_hal_spi.o
 .debug_line    0x000000000000dea3     0x2823 Drivers/STM32F3xx_HAL_Driver/Src/stm32f3xx_hal_tim.o
 .debug_line    0x00000000000106c6     0x15aa Drivers/STM32F3xx_HAL_Driver/Src/stm32f3xx_hal_tim_ex.o
 .debug_line    0x0000000000011c70     0x1341 Drivers/STM32F3xx_HAL_Driver/Src/stm32f3xx_hal_uart.o
 .debug_line    0x0000000000012fb1      0xd95 Drivers/STM32F3xx_HAL_Driver/Src/stm32f3xx_ll_usb.o

.debug_str      0x0000000000000000    0xc821a
 .debug_str     0x0000000000000000    0xbe65e Core/Src/adc.o
                                      0xbede1 (size before relaxing)
 .debug_str     0x00000000000be65e      0x253 Core/Src/can.o
                                      0xbeb6d (size before relaxing)
 .debug_str     0x00000000000be8b1       0x46 Core/Src/gpio.o
                                      0xbe8a0 (size before relaxing)
 .debug_str     0x00000000000be8f7     0x4c52 Core/Src/main.o
                                      0xc3bf5 (size before relaxing)
 .debug_str     0x00000000000c3549       0x4b Core/Src/spi.o
                                      0xbeca3 (size before relaxing)
 .debug_str     0x00000000000c3594      0x350 Core/Src/stm32f3xx_hal_msp.o
                                      0xbec37 (size before relaxing)
 .debug_str     0x00000000000c38e4       0xcc Core/Src/stm32f3xx_it.o
                                      0xbe84b (size before relaxing)
 .debug_str     0x00000000000c39b0      0x4d1 Core/Src/sysmem.o
                                       0x7aec (size before relaxing)
 .debug_str     0x00000000000c3e81       0xb3 Core/Src/system_stm32f3xx.o
                                      0xbe341 (size before relaxing)
 .debug_str     0x00000000000c3f34      0x23c Core/Src/tim.o
                                      0xbefe0 (size before relaxing)
 .debug_str     0x00000000000c4170       0x57 Core/Src/usart.o
                                      0xbecd0 (size before relaxing)
 .debug_str     0x00000000000c41c7       0x4e Core/Src/usb.o
                                      0xbec3d (size before relaxing)
 .debug_str     0x00000000000c4215       0x36 Core/Startup/startup_stm32f303rctx.o
                                         0x6e (size before relaxing)
 .debug_str     0x00000000000c424b      0x30d Drivers/STM32F3xx_HAL_Driver/Src/stm32f3xx_hal.o
                                      0xbeadd (size before relaxing)
 .debug_str     0x00000000000c4558      0x81c Drivers/STM32F3xx_HAL_Driver/Src/stm32f3xx_hal_adc_ex.o
                                      0xbef99 (size before relaxing)
 .debug_str     0x00000000000c4d74      0x566 Drivers/STM32F3xx_HAL_Driver/Src/stm32f3xx_hal_can.o
                                      0xbeae8 (size before relaxing)
 .debug_str     0x00000000000c52da      0x38c Drivers/STM32F3xx_HAL_Driver/Src/stm32f3xx_hal_cortex.o
                                      0xbebeb (size before relaxing)
 .debug_str     0x00000000000c5666      0x224 Drivers/STM32F3xx_HAL_Driver/Src/stm32f3xx_hal_gpio.o
                                      0xbe5a7 (size before relaxing)
 .debug_str     0x00000000000c588a      0x3b2 Drivers/STM32F3xx_HAL_Driver/Src/stm32f3xx_hal_pcd.o
                                      0xbea1f (size before relaxing)
 .debug_str     0x00000000000c5c3c      0x2e9 Drivers/STM32F3xx_HAL_Driver/Src/stm32f3xx_hal_rcc.o
                                      0xbe7af (size before relaxing)
 .debug_str     0x00000000000c5f25       0xd8 Drivers/STM32F3xx_HAL_Driver/Src/stm32f3xx_hal_rcc_ex.o
                                      0xbe573 (size before relaxing)
 .debug_str     0x00000000000c5ffd      0x57b Drivers/STM32F3xx_HAL_Driver/Src/stm32f3xx_hal_spi.o
                                      0xbec36 (size before relaxing)
 .debug_str     0x00000000000c6578      0xdac Drivers/STM32F3xx_HAL_Driver/Src/stm32f3xx_hal_tim.o
                                      0xbf6fd (size before relaxing)
 .debug_str     0x00000000000c7324      0x4bd Drivers/STM32F3xx_HAL_Driver/Src/stm32f3xx_hal_tim_ex.o
                                      0xbef2a (size before relaxing)
 .debug_str     0x00000000000c77e1      0x84a Drivers/STM32F3xx_HAL_Driver/Src/stm32f3xx_hal_uart.o
                                      0xbef9c (size before relaxing)
 .debug_str     0x00000000000c802b      0x1ef Drivers/STM32F3xx_HAL_Driver/Src/stm32f3xx_ll_usb.o
                                      0xbe6d3 (size before relaxing)

.comment        0x0000000000000000       0x7b
 .comment       0x0000000000000000       0x7b Core/Src/adc.o
                                         0x7c (size before relaxing)
 .comment       0x000000000000007b       0x7c Core/Src/can.o
 .comment       0x000000000000007b       0x7c Core/Src/gpio.o
 .comment       0x000000000000007b       0x7c Core/Src/main.o
 .comment       0x000000000000007b       0x7c Core/Src/spi.o
 .comment       0x000000000000007b       0x7c Core/Src/stm32f3xx_hal_msp.o
 .comment       0x000000000000007b       0x7c Core/Src/stm32f3xx_it.o
 .comment       0x000000000000007b       0x7c Core/Src/sysmem.o
 .comment       0x000000000000007b       0x7c Core/Src/system_stm32f3xx.o
 .comment       0x000000000000007b       0x7c Core/Src/tim.o
 .comment       0x000000000000007b       0x7c Core/Src/usart.o
 .comment       0x000000000000007b       0x7c Core/Src/usb.o
 .comment       0x000000000000007b       0x7c Drivers/STM32F3xx_HAL_Driver/Src/stm32f3xx_hal.o
 .comment       0x000000000000007b       0x7c Drivers/STM32F3xx_HAL_Driver/Src/stm32f3xx_hal_adc_ex.o
 .comment       0x000000000000007b       0x7c Drivers/STM32F3xx_HAL_Driver/Src/stm32f3xx_hal_can.o
 .comment       0x000000000000007b       0x7c Drivers/STM32F3xx_HAL_Driver/Src/stm32f3xx_hal_cortex.o
 .comment       0x000000000000007b       0x7c Drivers/STM32F3xx_HAL_Driver/Src/stm32f3xx_hal_gpio.o
 .comment       0x000000000000007b       0x7c Drivers/STM32F3xx_HAL_Driver/Src/stm32f3xx_hal_pcd.o
 .comment       0x000000000000007b       0x7c Drivers/STM32F3xx_HAL_Driver/Src/stm32f3xx_hal_rcc.o
 .comment       0x000000000000007b       0x7c Drivers/STM32F3xx_HAL_Driver/Src/stm32f3xx_hal_rcc_ex.o
 .comment       0x000000000000007b       0x7c Drivers/STM32F3xx_HAL_Driver/Src/stm32f3xx_hal_spi.o
 .comment       0x000000000000007b       0x7c Drivers/STM32F3xx_HAL_Driver/Src/stm32f3xx_hal_tim.o
 .comment       0x000000000000007b       0x7c Drivers/STM32F3xx_HAL_Driver/Src/stm32f3xx_hal_tim_ex.o
 .comment       0x000000000000007b       0x7c Drivers/STM32F3xx_HAL_Driver/Src/stm32f3xx_hal_uart.o
 .comment       0x000000000000007b       0x7c Drivers/STM32F3xx_HAL_Driver/Src/stm32f3xx_ll_usb.o

.debug_frame    0x0000000000000000     0x5494
 .debug_frame   0x0000000000000000       0xc4 Core/Src/adc.o
 .debug_frame   0x00000000000000c4       0x74 Core/Src/can.o
 .debug_frame   0x0000000000000138       0x34 Core/Src/gpio.o
 .debug_frame   0x000000000000016c       0x78 Core/Src/main.o
 .debug_frame   0x00000000000001e4       0x74 Core/Src/spi.o
 .debug_frame   0x0000000000000258       0x34 Core/Src/stm32f3xx_hal_msp.o
 .debug_frame   0x000000000000028c      0x12c Core/Src/stm32f3xx_it.o
 .debug_frame   0x00000000000003b8       0x34 Core/Src/sysmem.o
 .debug_frame   0x00000000000003ec       0x58 Core/Src/system_stm32f3xx.o
 .debug_frame   0x0000000000000444       0xa8 Core/Src/tim.o
 .debug_frame   0x00000000000004ec       0x74 Core/Src/usart.o
 .debug_frame   0x0000000000000560       0x74 Core/Src/usb.o
 .debug_frame   0x00000000000005d4      0x334 Drivers/STM32F3xx_HAL_Driver/Src/stm32f3xx_hal.o
 .debug_frame   0x0000000000000908      0x644 Drivers/STM32F3xx_HAL_Driver/Src/stm32f3xx_hal_adc_ex.o
 .debug_frame   0x0000000000000f4c      0x5a0 Drivers/STM32F3xx_HAL_Driver/Src/stm32f3xx_hal_can.o
 .debug_frame   0x00000000000014ec      0x498 Drivers/STM32F3xx_HAL_Driver/Src/stm32f3xx_hal_cortex.o
 .debug_frame   0x0000000000001984      0x14c Drivers/STM32F3xx_HAL_Driver/Src/stm32f3xx_hal_gpio.o
 .debug_frame   0x0000000000001ad0      0x578 Drivers/STM32F3xx_HAL_Driver/Src/stm32f3xx_hal_pcd.o
 .debug_frame   0x0000000000002048      0x214 Drivers/STM32F3xx_HAL_Driver/Src/stm32f3xx_hal_rcc.o
 .debug_frame   0x000000000000225c       0xb4 Drivers/STM32F3xx_HAL_Driver/Src/stm32f3xx_hal_rcc_ex.o
 .debug_frame   0x0000000000002310      0x860 Drivers/STM32F3xx_HAL_Driver/Src/stm32f3xx_hal_spi.o
 .debug_frame   0x0000000000002b70     0x121c Drivers/STM32F3xx_HAL_Driver/Src/stm32f3xx_hal_tim.o
 .debug_frame   0x0000000000003d8c      0x688 Drivers/STM32F3xx_HAL_Driver/Src/stm32f3xx_hal_tim_ex.o
 .debug_frame   0x0000000000004414      0x9e0 Drivers/STM32F3xx_HAL_Driver/Src/stm32f3xx_hal_uart.o
 .debug_frame   0x0000000000004df4      0x310 Drivers/STM32F3xx_HAL_Driver/Src/stm32f3xx_ll_usb.o
 .debug_frame   0x0000000000005104       0x20 /home/phckopper/st/stm32cubeide_1.2.0/plugins/com.st.stm32cube.ide.mcu.externaltools.gnu-tools-for-stm32.7-2018-q2-update.linux64_1.0.0.201904181610/tools/bin/../lib/gcc/arm-none-eabi/7.3.1/../../../../arm-none-eabi/lib/thumb/v7e-m/fpv4-sp/hard/libc_nano.a(lib_a-errno.o)
 .debug_frame   0x0000000000005124       0x2c /home/phckopper/st/stm32cubeide_1.2.0/plugins/com.st.stm32cube.ide.mcu.externaltools.gnu-tools-for-stm32.7-2018-q2-update.linux64_1.0.0.201904181610/tools/bin/../lib/gcc/arm-none-eabi/7.3.1/../../../../arm-none-eabi/lib/thumb/v7e-m/fpv4-sp/hard/libc_nano.a(lib_a-init.o)
 .debug_frame   0x0000000000005150       0x20 /home/phckopper/st/stm32cubeide_1.2.0/plugins/com.st.stm32cube.ide.mcu.externaltools.gnu-tools-for-stm32.7-2018-q2-update.linux64_1.0.0.201904181610/tools/bin/../lib/gcc/arm-none-eabi/7.3.1/../../../../arm-none-eabi/lib/thumb/v7e-m/fpv4-sp/hard/libc_nano.a(lib_a-memset.o)
 .debug_frame   0x0000000000005170       0x6c /home/phckopper/st/stm32cubeide_1.2.0/plugins/com.st.stm32cube.ide.mcu.externaltools.gnu-tools-for-stm32.7-2018-q2-update.linux64_1.0.0.201904181610/tools/bin/../lib/gcc/arm-none-eabi/7.3.1/../../../../arm-none-eabi/lib/thumb/v7e-m/fpv4-sp/hard/libc_nano.a(lib_a-sprintf.o)
 .debug_frame   0x00000000000051dc       0x90 /home/phckopper/st/stm32cubeide_1.2.0/plugins/com.st.stm32cube.ide.mcu.externaltools.gnu-tools-for-stm32.7-2018-q2-update.linux64_1.0.0.201904181610/tools/bin/../lib/gcc/arm-none-eabi/7.3.1/../../../../arm-none-eabi/lib/thumb/v7e-m/fpv4-sp/hard/libc_nano.a(lib_a-nano-svfprintf.o)
 .debug_frame   0x000000000000526c       0x60 /home/phckopper/st/stm32cubeide_1.2.0/plugins/com.st.stm32cube.ide.mcu.externaltools.gnu-tools-for-stm32.7-2018-q2-update.linux64_1.0.0.201904181610/tools/bin/../lib/gcc/arm-none-eabi/7.3.1/../../../../arm-none-eabi/lib/thumb/v7e-m/fpv4-sp/hard/libc_nano.a(lib_a-nano-vfprintf_i.o)
 .debug_frame   0x00000000000052cc       0x28 /home/phckopper/st/stm32cubeide_1.2.0/plugins/com.st.stm32cube.ide.mcu.externaltools.gnu-tools-for-stm32.7-2018-q2-update.linux64_1.0.0.201904181610/tools/bin/../lib/gcc/arm-none-eabi/7.3.1/../../../../arm-none-eabi/lib/thumb/v7e-m/fpv4-sp/hard/libc_nano.a(lib_a-memcpy-stub.o)
 .debug_frame   0x00000000000052f4       0x28 /home/phckopper/st/stm32cubeide_1.2.0/plugins/com.st.stm32cube.ide.mcu.externaltools.gnu-tools-for-stm32.7-2018-q2-update.linux64_1.0.0.201904181610/tools/bin/../lib/gcc/arm-none-eabi/7.3.1/../../../../arm-none-eabi/lib/thumb/v7e-m/fpv4-sp/hard/libc_nano.a(lib_a-memmove.o)
 .debug_frame   0x000000000000531c       0x38 /home/phckopper/st/stm32cubeide_1.2.0/plugins/com.st.stm32cube.ide.mcu.externaltools.gnu-tools-for-stm32.7-2018-q2-update.linux64_1.0.0.201904181610/tools/bin/../lib/gcc/arm-none-eabi/7.3.1/../../../../arm-none-eabi/lib/thumb/v7e-m/fpv4-sp/hard/libc_nano.a(lib_a-nano-freer.o)
 .debug_frame   0x0000000000005354       0x2c /home/phckopper/st/stm32cubeide_1.2.0/plugins/com.st.stm32cube.ide.mcu.externaltools.gnu-tools-for-stm32.7-2018-q2-update.linux64_1.0.0.201904181610/tools/bin/../lib/gcc/arm-none-eabi/7.3.1/../../../../arm-none-eabi/lib/thumb/v7e-m/fpv4-sp/hard/libc_nano.a(lib_a-nano-mallocr.o)
 .debug_frame   0x0000000000005380       0x3c /home/phckopper/st/stm32cubeide_1.2.0/plugins/com.st.stm32cube.ide.mcu.externaltools.gnu-tools-for-stm32.7-2018-q2-update.linux64_1.0.0.201904181610/tools/bin/../lib/gcc/arm-none-eabi/7.3.1/../../../../arm-none-eabi/lib/thumb/v7e-m/fpv4-sp/hard/libc_nano.a(lib_a-nano-reallocr.o)
 .debug_frame   0x00000000000053bc       0x2c /home/phckopper/st/stm32cubeide_1.2.0/plugins/com.st.stm32cube.ide.mcu.externaltools.gnu-tools-for-stm32.7-2018-q2-update.linux64_1.0.0.201904181610/tools/bin/../lib/gcc/arm-none-eabi/7.3.1/../../../../arm-none-eabi/lib/thumb/v7e-m/fpv4-sp/hard/libc_nano.a(lib_a-sbrkr.o)
 .debug_frame   0x00000000000053e8       0x30 /home/phckopper/st/stm32cubeide_1.2.0/plugins/com.st.stm32cube.ide.mcu.externaltools.gnu-tools-for-stm32.7-2018-q2-update.linux64_1.0.0.201904181610/tools/bin/../lib/gcc/arm-none-eabi/7.3.1/../../../../arm-none-eabi/lib/thumb/v7e-m/fpv4-sp/hard/libc_nano.a(lib_a-mlock.o)
 .debug_frame   0x0000000000005418       0x20 /home/phckopper/st/stm32cubeide_1.2.0/plugins/com.st.stm32cube.ide.mcu.externaltools.gnu-tools-for-stm32.7-2018-q2-update.linux64_1.0.0.201904181610/tools/bin/../lib/gcc/arm-none-eabi/7.3.1/../../../../arm-none-eabi/lib/thumb/v7e-m/fpv4-sp/hard/libc_nano.a(lib_a-nano-msizer.o)
 .debug_frame   0x0000000000005438       0x5c /home/phckopper/st/stm32cubeide_1.2.0/plugins/com.st.stm32cube.ide.mcu.externaltools.gnu-tools-for-stm32.7-2018-q2-update.linux64_1.0.0.201904181610/tools/bin/../lib/gcc/arm-none-eabi/7.3.1/../../../../arm-none-eabi/lib/thumb/v7e-m/fpv4-sp/hard/libc_nano.a(lib_a-reent.o)
